Archive member included because of file (symbol)

c:/program files (x86)/microchip/xc32/v1.31/bin/../lib/gcc/pic32mx/4.5.2/../../../../pic32mx/lib\libmchp_peripheral_32MX795F512L.a(pcache.o)
                              build/XC32_PIC32MX795F512L/production/main.o (CheKseg0CacheOn)
c:/program files (x86)/microchip/xc32/v1.31/bin/../lib/gcc/pic32mx/4.5.2/../../../../pic32mx/lib\libmchp_peripheral_32MX795F512L.a(int_configure_system_lib.o)
                              build/XC32_PIC32MX795F512L/production/main.o (INTConfigureSystem)
c:/program files (x86)/microchip/xc32/v1.31/bin/../lib/gcc/pic32mx/4.5.2/../../../../pic32mx/lib\libmchp_peripheral_32MX795F512L.a(int_disable_interrupts_lib.o)
                              build/XC32_PIC32MX795F512L/production/main.o (INTDisableInterrupts)
c:/program files (x86)/microchip/xc32/v1.31/bin/../lib/gcc/pic32mx/4.5.2/../../../../pic32mx/lib\libmchp_peripheral_32MX795F512L.a(int_restore_interrupts_lib.o)
                              build/XC32_PIC32MX795F512L/production/main.o (INTRestoreInterrupts)
c:/program files (x86)/microchip/xc32/v1.31/bin/../lib/gcc/pic32mx/4.5.2/../../../../pic32mx/lib\libpic32.a(memcpy.o)
                              build/XC32_PIC32MX795F512L/production/_ext/1713430119/GOL.o (memcpy)
c:/program files (x86)/microchip/xc32/v1.31/bin/../lib/gcc/pic32mx/4.5.2/../../../../pic32mx/lib\libpic32.a(default-bootstrap-exception-handler.o)
                              c:/program files (x86)/microchip/xc32/v1.31/bin/../lib/gcc/pic32mx/4.5.2/../../../../pic32mx/lib/./proc/32MX795F512L/crt0_mips32r2.o (_bootstrap_exception_handler)
c:/program files (x86)/microchip/xc32/v1.31/bin/../lib/gcc/pic32mx/4.5.2/../../../../pic32mx/lib\libpic32.a(default-on-reset.o)
                              c:/program files (x86)/microchip/xc32/v1.31/bin/../lib/gcc/pic32mx/4.5.2/../../../../pic32mx/lib/./proc/32MX795F512L/crt0_mips32r2.o (_on_reset)
c:/program files (x86)/microchip/xc32/v1.31/bin/../lib/gcc/pic32mx/4.5.2/../../../../pic32mx/lib\libpic32.a(default-on-bootstrap.o)
                              c:/program files (x86)/microchip/xc32/v1.31/bin/../lib/gcc/pic32mx/4.5.2/../../../../pic32mx/lib/./proc/32MX795F512L/crt0_mips32r2.o (_on_bootstrap)
c:/program files (x86)/microchip/xc32/v1.31/bin/../lib/gcc/pic32mx/4.5.2/../../../../pic32mx/lib\libpic32.a(default-nmi-handler.o)
                              c:/program files (x86)/microchip/xc32/v1.31/bin/../lib/gcc/pic32mx/4.5.2/../../../../pic32mx/lib/./proc/32MX795F512L/crt0_mips32r2.o (_nmi_handler)
c:/program files (x86)/microchip/xc32/v1.31/bin/../lib/gcc/pic32mx/4.5.2/../../../../pic32mx/lib\libpic32.a(pic32_software_reset.o)
                              c:/program files (x86)/microchip/xc32/v1.31/bin/../lib/gcc/pic32mx/4.5.2/../../../../pic32mx/lib\libpic32.a(default-bootstrap-exception-handler.o) (__pic32_software_reset)
c:/program files (x86)/microchip/xc32/v1.31/bin/../lib/gcc/pic32mx/4.5.2/../../../../pic32mx/lib\libpic32.a(general-exception.o)
                              c:/program files (x86)/microchip/xc32/v1.31/bin/../lib/gcc/pic32mx/4.5.2/../../../../pic32mx/lib/./proc/32MX795F512L/crt0_mips32r2.o (_general_exception_context)
c:/program files (x86)/microchip/xc32/v1.31/bin/../lib/gcc/pic32mx/4.5.2/../../../../pic32mx/lib\libpic32.a(vector0.o)
                              c:/program files (x86)/microchip/xc32/v1.31/bin/../lib/gcc/pic32mx/4.5.2/../../../../pic32mx/lib/./proc/32MX795F512L\default_isr_vectors.o (__vector_dispatch_0)
c:/program files (x86)/microchip/xc32/v1.31/bin/../lib/gcc/pic32mx/4.5.2/../../../../pic32mx/lib\libpic32.a(vector1.o)
                              c:/program files (x86)/microchip/xc32/v1.31/bin/../lib/gcc/pic32mx/4.5.2/../../../../pic32mx/lib/./proc/32MX795F512L\default_isr_vectors.o (__vector_dispatch_1)
c:/program files (x86)/microchip/xc32/v1.31/bin/../lib/gcc/pic32mx/4.5.2/../../../../pic32mx/lib\libpic32.a(vector2.o)
                              c:/program files (x86)/microchip/xc32/v1.31/bin/../lib/gcc/pic32mx/4.5.2/../../../../pic32mx/lib/./proc/32MX795F512L\default_isr_vectors.o (__vector_dispatch_2)
c:/program files (x86)/microchip/xc32/v1.31/bin/../lib/gcc/pic32mx/4.5.2/../../../../pic32mx/lib\libpic32.a(vector3.o)
                              c:/program files (x86)/microchip/xc32/v1.31/bin/../lib/gcc/pic32mx/4.5.2/../../../../pic32mx/lib/./proc/32MX795F512L\default_isr_vectors.o (__vector_dispatch_3)
c:/program files (x86)/microchip/xc32/v1.31/bin/../lib/gcc/pic32mx/4.5.2/../../../../pic32mx/lib\libpic32.a(vector4.o)
                              c:/program files (x86)/microchip/xc32/v1.31/bin/../lib/gcc/pic32mx/4.5.2/../../../../pic32mx/lib/./proc/32MX795F512L\default_isr_vectors.o (__vector_dispatch_4)
c:/program files (x86)/microchip/xc32/v1.31/bin/../lib/gcc/pic32mx/4.5.2/../../../../pic32mx/lib\libpic32.a(vector5.o)
[...]
Memory Configuration

Name             Origin             Length             Attributes
kseg0_program_mem 0x9d000000         0x00080000         xr
kseg0_boot_mem   0x9fc00490         0x00000970
exception_mem    0x9fc01000         0x00001000
kseg1_boot_mem   0xbfc00000         0x00000490
debug_exec_mem   0xbfc02000         0x00000ff0
config3          0xbfc02ff0         0x00000004
config2          0xbfc02ff4         0x00000004
config1          0xbfc02ff8         0x00000004
config0          0xbfc02ffc         0x00000004
kseg1_data_mem   0xa0000000         0x00020000         w !x
sfrs             0xbf800000         0x00100000
configsfrs       0xbfc02ff0         0x00000010
*default*        0x00000000         0xffffffff

Linker script and memory map

LOAD c:/program files (x86)/microchip/xc32/v1.31/bin/../lib/gcc/pic32mx/4.5.2/../../../../pic32mx/lib/./proc/32MX795F512L/crt0_mips32r2.o
LOAD build/XC32_PIC32MX795F512L/production/_ext/215660468/TouchScreen.o
LOAD build/XC32_PIC32MX795F512L/production/_ext/215660468/TouchScreenAR1020.o
LOAD build/XC32_PIC32MX795F512L/production/_ext/215660468/TouchScreenResistive.o
LOAD build/XC32_PIC32MX795F512L/production/_ext/215660468/Beep.o
LOAD build/XC32_PIC32MX795F512L/production/_ext/215660468/SST25VF016.o
LOAD build/XC32_PIC32MX795F512L/production/_ext/215660468/cpld.o
LOAD build/XC32_PIC32MX795F512L/production/_ext/215660468/drv_spi.o
LOAD build/XC32_PIC32MX795F512L/production/_ext/215660468/SST39LF400.o
LOAD build/XC32_PIC32MX795F512L/production/_ext/215660468/SST39VF040.o
LOAD build/XC32_PIC32MX795F512L/production/_ext/215660468/MCHP25LC256.o
LOAD build/XC32_PIC32MX795F512L/production/_ext/1575306571/gfxepmp.o
LOAD build/XC32_PIC32MX795F512L/production/_ext/1575306571/mchpGfxDrv.o
LOAD build/XC32_PIC32MX795F512L/production/_ext/1575306571/mchpGfxLCC.o
LOAD build/XC32_PIC32MX795F512L/production/_ext/1575306571/TCON_Custom.o
LOAD build/XC32_PIC32MX795F512L/production/_ext/1575306571/TCON_HX8238.o
LOAD build/XC32_PIC32MX795F512L/production/_ext/1575306571/TCON_HX8257.o
LOAD build/XC32_PIC32MX795F512L/production/_ext/1575306571/TCON_SSD1289.o
LOAD build/XC32_PIC32MX795F512L/production/_ext/1575306571/drvTFT001.o
LOAD build/XC32_PIC32MX795F512L/production/_ext/1575306571/drvTFT002.o
LOAD build/XC32_PIC32MX795F512L/production/_ext/1575306571/HIT1270.o
LOAD build/XC32_PIC32MX795F512L/production/_ext/1575306571/HX8347.o
LOAD build/XC32_PIC32MX795F512L/production/_ext/1575306571/S1D13517.o
LOAD build/XC32_PIC32MX795F512L/production/_ext/1575306571/SH1101A_SSD1303.o
LOAD build/XC32_PIC32MX795F512L/production/_ext/1575306571/SSD1339.o
LOAD build/XC32_PIC32MX795F512L/production/_ext/1575306571/SSD1926.o
LOAD build/XC32_PIC32MX795F512L/production/_ext/1575306571/ST7529.o
LOAD build/XC32_PIC32MX795F512L/production/_ext/1575306571/UC1610.o
LOAD build/XC32_PIC32MX795F512L/production/_ext/1713430119/GOL.o
LOAD build/XC32_PIC32MX795F512L/production/_ext/1713430119/GOLFontDefault.o
LOAD build/XC32_PIC32MX795F512L/production/_ext/1713430119/GOLSchemeDefault.o
LOAD build/XC32_PIC32MX795F512L/production/_ext/1713430119/Palette.o
LOAD build/XC32_PIC32MX795F512L/production/_ext/1713430119/Primitive.o
LOAD build/XC32_PIC32MX795F512L/production/_ext/1713430119/Button.o
LOAD build/XC32_PIC32MX795F512L/production/_ext/1713430119/CheckBox.o
LOAD build/XC32_PIC32MX795F512L/production/_ext/1713430119/Meter.o
LOAD build/XC32_PIC32MX795F512L/production/_ext/1713430119/DigitalMeter.o
LOAD build/XC32_PIC32MX795F512L/production/_ext/1713430119/Chart.o
LOAD build/XC32_PIC32MX795F512L/production/_ext/1713430119/RadioButton.o
LOAD build/XC32_PIC32MX795F512L/production/_ext/1713430119/ListBox.o
LOAD build/XC32_PIC32MX795F512L/production/_ext/1713430119/GroupBox.o
LOAD build/XC32_PIC32MX795F512L/production/_ext/1713430119/EditBox.o
LOAD build/XC32_PIC32MX795F512L/production/_ext/1713430119/Window.o
LOAD build/XC32_PIC32MX795F512L/production/_ext/1713430119/Slider.o
LOAD build/XC32_PIC32MX795F512L/production/_ext/1713430119/StaticText.o
LOAD build/XC32_PIC32MX795F512L/production/_ext/1713430119/RoundDial.o
LOAD build/XC32_PIC32MX795F512L/production/_ext/1713430119/Picture.o
LOAD build/XC32_PIC32MX795F512L/production/_ext/1713430119/ProgressBar.o
LOAD build/XC32_PIC32MX795F512L/production/_ext/1713430119/TextEntry.o
LOAD build/XC32_PIC32MX795F512L/production/configuration_bits.o
LOAD build/XC32_PIC32MX795F512L/production/exceptions.o
LOAD build/XC32_PIC32MX795F512L/production/interrupts.o
LOAD build/XC32_PIC32MX795F512L/production/main.o
LOAD build/XC32_PIC32MX795F512L/production/system.o
LOAD build/XC32_PIC32MX795F512L/production/user.o
LOAD build/XC32_PIC32MX795F512L/production/Primitives LLD/TimeDelay.o
LOAD build/XC32_PIC32MX795F512L/production/Primitives LLD/SSD1963.o
LOAD build/XC32_PIC32MX795F512L/production/image_dropp/GDD_Screens.o
LOAD build/XC32_PIC32MX795F512L/production/image_dropp/GDD_Resource.o
LOAD build/XC32_PIC32MX795F512L/production/image_dropp/GDD_X_Event_Handler.o
LOAD build/XC32_PIC32MX795F512L/production/image_dropp/resource/newABIDlock.o
                0x00000001                __MPLAB_BUILD = 0x1
                0x00002af8                _min_heap_size = 0x2af8
LOAD c:/program files (x86)/microchip/xc32/v1.31/bin/../lib/gcc/pic32mx/4.5.2/../../../../pic32mx/lib/./proc/32MX795F512L\default_isr_vectors.o
                0x00000400                PROVIDE (_min_stack_size, 0x400)
LOAD c:/program files (x86)/microchip/xc32/v1.31/bin/../lib/gcc/pic32mx/4.5.2/../../../../pic32mx/lib/./proc/32MX795F512L\processor.o
START GROUP
LOAD c:/program files (x86)/microchip/xc32/v1.31/bin/../lib/gcc/pic32mx/4.5.2/../../../../pic32mx/lib\libmchp_peripheral.a
END GROUP
START GROUP
LOAD c:/program files (x86)/microchip/xc32/v1.31/bin/../lib/gcc/pic32mx/4.5.2/../../../../pic32mx/lib\libmchp_peripheral_32MX795F512L.a
END GROUP
                0x00000001                PROVIDE (_vector_spacing, 0x1)
                0x9fc01000                _ebase_address = 0x9fc01000
                0xbfc00000                _RESET_ADDR = 0xbfc00000
                0xbfc00380                _BEV_EXCPT_ADDR = 0xbfc00380
                0xbfc00480                _DBG_EXCPT_ADDR = 0xbfc00480
                0xbfc02000                _DBG_CODE_ADDR = 0xbfc02000
                0x00000ff0                _DBG_CODE_SIZE = 0xff0
                0x9fc01180                _GEN_EXCPT_ADDR = (_ebase_address + 0x180)

.config_BFC02FF0
                0xbfc02ff0        0x4
 *(.config_BFC02FF0)
 .config_BFC02FF0
                0xbfc02ff0        0x4 build/XC32_PIC32MX795F512L/production/main.o

.config_BFC02FF4
                0xbfc02ff4        0x4
 *(.config_BFC02FF4)
 .config_BFC02FF4
                0xbfc02ff4        0x4 build/XC32_PIC32MX795F512L/production/main.o

.config_BFC02FF8
                0xbfc02ff8        0x4
 *(.config_BFC02FF8)
 .config_BFC02FF8
                0xbfc02ff8        0x4 build/XC32_PIC32MX795F512L/production/main.o

.config_BFC02FFC
                0xbfc02ffc        0x4
 *(.config_BFC02FFC)
 .config_BFC02FFC
                0xbfc02ffc        0x4 build/XC32_PIC32MX795F512L/production/main.o
                0xbfc02000                PROVIDE (_DBG_CODE_ADDR, 0xbfc02000)
                0x00000ff0                PROVIDE (_DBG_CODE_SIZE, 0xff0)

.reset          0xbfc00000      0x1e8
 *(.reset)
 .reset         0xbfc00000      0x1e8 c:/program files (x86)/microchip/xc32/v1.31/bin/../lib/gcc/pic32mx/4.5.2/../../../../pic32mx/lib/./proc/32MX795F512L/crt0_mips32r2.o
                0xbfc00000                _reset
 *(.reset.startup)

.bev_excpt      0xbfc00380       0x10
 *(.bev_handler)
 .bev_handler   0xbfc00380       0x10 c:/program files (x86)/microchip/xc32/v1.31/bin/../lib/gcc/pic32mx/4.5.2/../../../../pic32mx/lib/./proc/32MX795F512L/crt0_mips32r2.o

.dbg_excpt      0xbfc00480        0x0
                0xbfc00480                . = (. + DEFINED (_DEBUGGER)?0x8:0x0)

.dbg_code       0xbfc02000        0x0
                0xbfc02000                . = (. + DEFINED (_DEBUGGER)?_DBG_CODE_SIZE:0x0)

.app_excpt      0x9fc01180       0x10
 *(.gen_handler)
 .gen_handler   0x9fc01180       0x10 c:/program files (x86)/microchip/xc32/v1.31/bin/../lib/gcc/pic32mx/4.5.2/../../../../pic32mx/lib/./proc/32MX795F512L/crt0_mips32r2.o

.vector_0       0x9fc01200        0x8
 *(.vector_0)
 .vector_0      0x9fc01200        0x8 c:/program files (x86)/microchip/xc32/v1.31/bin/../lib/gcc/pic32mx/4.5.2/../../../../pic32mx/lib\libpic32.a(vector0.o)
                0x9fc01200                __vector_dispatch_0
                0x00000001                ASSERT (((_vector_spacing == 0x0) || (SIZEOF (.vector_0) <= (_vector_spacing << 0x5))), function at exception vector 0 too large)

.vector_1       0x9fc01220        0x8
 *(.vector_1)
 .vector_1      0x9fc01220        0x8 c:/program files (x86)/microchip/xc32/v1.31/bin/../lib/gcc/pic32mx/4.5.2/../../../../pic32mx/lib\libpic32.a(vector1.o)
                0x9fc01220                __vector_dispatch_1
                0x00000001                ASSERT (((_vector_spacing == 0x0) || (SIZEOF (.vector_1) <= (_vector_spacing << 0x5))), function at exception vector 1 too large)

.vector_2       0x9fc01240        0x8
 *(.vector_2)
 .vector_2      0x9fc01240        0x8 c:/program files (x86)/microchip/xc32/v1.31/bin/../lib/gcc/pic32mx/4.5.2/../../../../pic32mx/lib\libpic32.a(vector2.o)
                0x9fc01240                __vector_dispatch_2
                0x00000001                ASSERT (((_vector_spacing == 0x0) || (SIZEOF (.vector_2) <= (_vector_spacing << 0x5))), function at exception vector 2 too large)

.vector_3       0x9fc01260        0x8
 *(.vector_3)
 .vector_3      0x9fc01260        0x8 c:/program files (x86)/microchip/xc32/v1.31/bin/../lib/gcc/pic32mx/4.5.2/../../../../pic32mx/lib\libpic32.a(vector3.o)
                0x9fc01260                __vector_dispatch_3
                0x00000001                ASSERT (((_vector_spacing == 0x0) || (SIZEOF (.vector_3) <= (_vector_spacing << 0x5))), function at exception vector 3 too large)

.vector_4       0x9fc01280        0x8
 *(.vector_4)
 .vector_4      0x9fc01280        0x8 c:/program files (x86)/microchip/xc32/v1.31/bin/../lib/gcc/pic32mx/4.5.2/../../../../pic32mx/lib\libpic32.a(vector4.o)
                0x9fc01280                __vector_dispatch_4
                0x00000001                ASSERT (((_vector_spacing == 0x0) || (SIZEOF (.vector_4) <= (_vector_spacing << 0x5))), function at exception vector 4 too large)

.vector_5       0x9fc012a0        0x8
 *(.vector_5)
 .vector_5      0x9fc012a0        0x8 c:/program files (x86)/microchip/xc32/v1.31/bin/../lib/gcc/pic32mx/4.5.2/../../../../pic32mx/lib\libpic32.a(vector5.o)
                0x9fc012a0                __vector_dispatch_5
                0x00000001                ASSERT (((_vector_spacing == 0x0) || (SIZEOF (.vector_5) <= (_vector_spacing << 0x5))), function at exception vector 5 too large)

.vector_6       0x9fc012c0        0x8
 *(.vector_6)
 .vector_6      0x9fc012c0        0x8 c:/program files (x86)/microchip/xc32/v1.31/bin/../lib/gcc/pic32mx/4.5.2/../../../../pic32mx/lib\libpic32.a(vector6.o)
                0x9fc012c0                __vector_dispatch_6
                0x00000001                ASSERT (((_vector_spacing == 0x0) || (SIZEOF (.vector_6) <= (_vector_spacing << 0x5))), function at exception vector 6 too large)

.vector_7       0x9fc012e0        0x8
 *(.vector_7)
 .vector_7      0x9fc012e0        0x8 c:/program files (x86)/microchip/xc32/v1.31/bin/../lib/gcc/pic32mx/4.5.2/../../../../pic32mx/lib\libpic32.a(vector7.o)
                0x9fc012e0                __vector_dispatch_7
                0x00000001                ASSERT (((_vector_spacing == 0x0) || (SIZEOF (.vector_7) <= (_vector_spacing << 0x5))), function at exception vector 7 too large)

.vector_8       0x9fc01300        0x8
 *(.vector_8)
 .vector_8      0x9fc01300        0x8 c:/program files (x86)/microchip/xc32/v1.31/bin/../lib/gcc/pic32mx/4.5.2/../../../../pic32mx/lib\libpic32.a(vector8.o)
                0x9fc01300                __vector_dispatch_8
                0x00000001                ASSERT (((_vector_spacing == 0x0) || (SIZEOF (.vector_8) <= (_vector_spacing << 0x5))), function at exception vector 8 too large)

.vector_9       0x9fc01320        0x8
 *(.vector_9)
 .vector_9      0x9fc01320        0x8 c:/program files (x86)/microchip/xc32/v1.31/bin/../lib/gcc/pic32mx/4.5.2/../../../../pic32mx/lib\libpic32.a(vector9.o)
                0x9fc01320                __vector_dispatch_9
                0x00000001                ASSERT (((_vector_spacing == 0x0) || (SIZEOF (.vector_9) <= (_vector_spacing << 0x5))), function at exception vector 9 too large)

.vector_10      0x9fc01340        0x8
 *(.vector_10)
 .vector_10     0x9fc01340        0x8 c:/program files (x86)/microchip/xc32/v1.31/bin/../lib/gcc/pic32mx/4.5.2/../../../../pic32mx/lib\libpic32.a(vector10.o)
                0x9fc01340                __vector_dispatch_10
                0x00000001                ASSERT (((_vector_spacing == 0x0) || (SIZEOF (.vector_10) <= (_vector_spacing << 0x5))), function at exception vector 10 too large)

.vector_11      0x9fc01360        0x8
 *(.vector_11)
 .vector_11     0x9fc01360        0x8 c:/program files (x86)/microchip/xc32/v1.31/bin/../lib/gcc/pic32mx/4.5.2/../../../../pic32mx/lib\libpic32.a(vector11.o)
                0x9fc01360                __vector_dispatch_11
                0x00000001                ASSERT (((_vector_spacing == 0x0) || (SIZEOF (.vector_11) <= (_vector_spacing << 0x5))), function at exception vector 11 too large)

.vector_12      0x9fc01380        0x8
 *(.vector_12)
 .vector_12     0x9fc01380        0x8 c:/program files (x86)/microchip/xc32/v1.31/bin/../lib/gcc/pic32mx/4.5.2/../../../../pic32mx/lib\libpic32.a(vector12.o)
                0x9fc01380                __vector_dispatch_12
                0x00000001                ASSERT (((_vector_spacing == 0x0) || (SIZEOF (.vector_12) <= (_vector_spacing << 0x5))), function at exception vector 12 too large)

.vector_13      0x9fc013a0        0x8
 *(.vector_13)
 .vector_13     0x9fc013a0        0x8 c:/program files (x86)/microchip/xc32/v1.31/bin/../lib/gcc/pic32mx/4.5.2/../../../../pic32mx/lib\libpic32.a(vector13.o)
                0x9fc013a0                __vector_dispatch_13
                0x00000001                ASSERT (((_vector_spacing == 0x0) || (SIZEOF (.vector_13) <= (_vector_spacing << 0x5))), function at exception vector 13 too large)

.vector_14      0x9fc013c0        0x8
 *(.vector_14)
 .vector_14     0x9fc013c0        0x8 c:/program files (x86)/microchip/xc32/v1.31/bin/../lib/gcc/pic32mx/4.5.2/../../../../pic32mx/lib\libpic32.a(vector14.o)
                0x9fc013c0                __vector_dispatch_14
                0x00000001                ASSERT (((_vector_spacing == 0x0) || (SIZEOF (.vector_14) <= (_vector_spacing << 0x5))), function at exception vector 14 too large)

.vector_15      0x9fc013e0        0x8
 *(.vector_15)
 .vector_15     0x9fc013e0        0x8 c:/program files (x86)/microchip/xc32/v1.31/bin/../lib/gcc/pic32mx/4.5.2/../../../../pic32mx/lib\libpic32.a(vector15.o)
                0x9fc013e0                __vector_dispatch_15
                0x00000001                ASSERT (((_vector_spacing == 0x0) || (SIZEOF (.vector_15) <= (_vector_spacing << 0x5))), function at exception vector 15 too large)

.vector_16      0x9fc01400        0x8
 *(.vector_16)
 .vector_16     0x9fc01400        0x8 c:/program files (x86)/microchip/xc32/v1.31/bin/../lib/gcc/pic32mx/4.5.2/../../../../pic32mx/lib\libpic32.a(vector16.o)
                0x9fc01400                __vector_dispatch_16
                0x00000001                ASSERT (((_vector_spacing == 0x0) || (SIZEOF (.vector_16) <= (_vector_spacing << 0x5))), function at exception vector 16 too large)

.vector_17      0x9fc01420        0x8
 *(.vector_17)
 .vector_17     0x9fc01420        0x8 c:/program files (x86)/microchip/xc32/v1.31/bin/../lib/gcc/pic32mx/4.5.2/../../../../pic32mx/lib\libpic32.a(vector17.o)
                0x9fc01420                __vector_dispatch_17
                0x00000001                ASSERT (((_vector_spacing == 0x0) || (SIZEOF (.vector_17) <= (_vector_spacing << 0x5))), function at exception vector 17 too large)

.vector_18      0x9fc01440        0x8
 *(.vector_18)
 .vector_18     0x9fc01440        0x8 c:/program files (x86)/microchip/xc32/v1.31/bin/../lib/gcc/pic32mx/4.5.2/../../../../pic32mx/lib\libpic32.a(vector18.o)
                0x9fc01440                __vector_dispatch_18
                0x00000001                ASSERT (((_vector_spacing == 0x0) || (SIZEOF (.vector_18) <= (_vector_spacing << 0x5))), function at exception vector 18 too large)

.vector_19      0x9fc01460        0x8
 *(.vector_19)
 .vector_19     0x9fc01460        0x8 c:/program files (x86)/microchip/xc32/v1.31/bin/../lib/gcc/pic32mx/4.5.2/../../../../pic32mx/lib\libpic32.a(vector19.o)
                0x9fc01460                __vector_dispatch_19
                0x00000001                ASSERT (((_vector_spacing == 0x0) || (SIZEOF (.vector_19) <= (_vector_spacing << 0x5))), function at exception vector 19 too large)

.vector_20      0x9fc01480        0x8
 *(.vector_20)
 .vector_20     0x9fc01480        0x8 c:/program files (x86)/microchip/xc32/v1.31/bin/../lib/gcc/pic32mx/4.5.2/../../../../pic32mx/lib\libpic32.a(vector20.o)
                0x9fc01480                __vector_dispatch_20
                0x00000001                ASSERT (((_vector_spacing == 0x0) || (SIZEOF (.vector_20) <= (_vector_spacing << 0x5))), function at exception vector 20 too large)

.vector_21      0x9fc014a0        0x8
 *(.vector_21)
 .vector_21     0x9fc014a0        0x8 c:/program files (x86)/microchip/xc32/v1.31/bin/../lib/gcc/pic32mx/4.5.2/../../../../pic32mx/lib\libpic32.a(vector21.o)
                0x9fc014a0                __vector_dispatch_21
                0x00000001                ASSERT (((_vector_spacing == 0x0) || (SIZEOF (.vector_21) <= (_vector_spacing << 0x5))), function at exception vector 21 too large)

.vector_22      0x9fc014c0        0x8
 *(.vector_22)
 .vector_22     0x9fc014c0        0x8 c:/program files (x86)/microchip/xc32/v1.31/bin/../lib/gcc/pic32mx/4.5.2/../../../../pic32mx/lib\libpic32.a(vector22.o)
                0x9fc014c0                __vector_dispatch_22
                0x00000001                ASSERT (((_vector_spacing == 0x0) || (SIZEOF (.vector_22) <= (_vector_spacing << 0x5))), function at exception vector 22 too large)

.vector_23      0x9fc014e0        0x8
 *(.vector_23)
 .vector_23     0x9fc014e0        0x8 c:/program files (x86)/microchip/xc32/v1.31/bin/../lib/gcc/pic32mx/4.5.2/../../../../pic32mx/lib\libpic32.a(vector23.o)
                0x9fc014e0                __vector_dispatch_23
                0x00000001                ASSERT (((_vector_spacing == 0x0) || (SIZEOF (.vector_23) <= (_vector_spacing << 0x5))), function at exception vector 23 too large)

.vector_24      0x9fc01500        0x8
 *(.vector_24)
 .vector_24     0x9fc01500        0x8 c:/program files (x86)/microchip/xc32/v1.31/bin/../lib/gcc/pic32mx/4.5.2/../../../../pic32mx/lib\libpic32.a(vector24.o)
                0x9fc01500                __vector_dispatch_24
                0x00000001                ASSERT (((_vector_spacing == 0x0) || (SIZEOF (.vector_24) <= (_vector_spacing << 0x5))), function at exception vector 24 too large)

.vector_25      0x9fc01520        0x8
 *(.vector_25)
 .vector_25     0x9fc01520        0x8 c:/program files (x86)/microchip/xc32/v1.31/bin/../lib/gcc/pic32mx/4.5.2/../../../../pic32mx/lib\libpic32.a(vector25.o)
                0x9fc01520                __vector_dispatch_25
                0x00000001                ASSERT (((_vector_spacing == 0x0) || (SIZEOF (.vector_25) <= (_vector_spacing << 0x5))), function at exception vector 25 too large)

.vector_26      0x9fc01540        0x8
 *(.vector_26)
 .vector_26     0x9fc01540        0x8 c:/program files (x86)/microchip/xc32/v1.31/bin/../lib/gcc/pic32mx/4.5.2/../../../../pic32mx/lib\libpic32.a(vector26.o)
                0x9fc01540                __vector_dispatch_26
                0x00000001                ASSERT (((_vector_spacing == 0x0) || (SIZEOF (.vector_26) <= (_vector_spacing << 0x5))), function at exception vector 26 too large)

.vector_27      0x9fc01560        0x8
 *(.vector_27)
 .vector_27     0x9fc01560        0x8 c:/program files (x86)/microchip/xc32/v1.31/bin/../lib/gcc/pic32mx/4.5.2/../../../../pic32mx/lib\libpic32.a(vector27.o)
                0x9fc01560                __vector_dispatch_27
                0x00000001                ASSERT (((_vector_spacing == 0x0) || (SIZEOF (.vector_27) <= (_vector_spacing << 0x5))), function at exception vector 27 too large)

.vector_28      0x9fc01580        0x8
 *(.vector_28)
 .vector_28     0x9fc01580        0x8 c:/program files (x86)/microchip/xc32/v1.31/bin/../lib/gcc/pic32mx/4.5.2/../../../../pic32mx/lib\libpic32.a(vector28.o)
                0x9fc01580                __vector_dispatch_28
                0x00000001                ASSERT (((_vector_spacing == 0x0) || (SIZEOF (.vector_28) <= (_vector_spacing << 0x5))), function at exception vector 28 too large)

.vector_29      0x9fc015a0        0x8
 *(.vector_29)
 .vector_29     0x9fc015a0        0x8 c:/program files (x86)/microchip/xc32/v1.31/bin/../lib/gcc/pic32mx/4.5.2/../../../../pic32mx/lib\libpic32.a(vector29.o)
                0x9fc015a0                __vector_dispatch_29
                0x00000001                ASSERT (((_vector_spacing == 0x0) || (SIZEOF (.vector_29) <= (_vector_spacing << 0x5))), function at exception vector 29 too large)

.vector_30      0x9fc015c0        0x8
 *(.vector_30)
 .vector_30     0x9fc015c0        0x8 c:/program files (x86)/microchip/xc32/v1.31/bin/../lib/gcc/pic32mx/4.5.2/../../../../pic32mx/lib\libpic32.a(vector30.o)
                0x9fc015c0                __vector_dispatch_30
                0x00000001                ASSERT (((_vector_spacing == 0x0) || (SIZEOF (.vector_30) <= (_vector_spacing << 0x5))), function at exception vector 30 too large)

.vector_31      0x9fc015e0        0x8
 *(.vector_31)
 .vector_31     0x9fc015e0        0x8 c:/program files (x86)/microchip/xc32/v1.31/bin/../lib/gcc/pic32mx/4.5.2/../../../../pic32mx/lib\libpic32.a(vector31.o)
                0x9fc015e0                __vector_dispatch_31
                0x00000001                ASSERT (((_vector_spacing == 0x0) || (SIZEOF (.vector_31) <= (_vector_spacing << 0x5))), function at exception vector 31 too large)

.vector_32      0x9fc01600        0x8
 *(.vector_32)
 .vector_32     0x9fc01600        0x8 c:/program files (x86)/microchip/xc32/v1.31/bin/../lib/gcc/pic32mx/4.5.2/../../../../pic32mx/lib\libpic32.a(vector32.o)
                0x9fc01600                __vector_dispatch_32
                0x00000001                ASSERT (((_vector_spacing == 0x0) || (SIZEOF (.vector_32) <= (_vector_spacing << 0x5))), function at exception vector 32 too large)

.vector_33      0x9fc01620        0x8
 *(.vector_33)
 .vector_33     0x9fc01620        0x8 c:/program files (x86)/microchip/xc32/v1.31/bin/../lib/gcc/pic32mx/4.5.2/../../../../pic32mx/lib\libpic32.a(vector33.o)
                0x9fc01620                __vector_dispatch_33
                0x00000001                ASSERT (((_vector_spacing == 0x0) || (SIZEOF (.vector_33) <= (_vector_spacing << 0x5))), function at exception vector 33 too large)

.vector_34      0x9fc01640        0x8
 *(.vector_34)
 .vector_34     0x9fc01640        0x8 c:/program files (x86)/microchip/xc32/v1.31/bin/../lib/gcc/pic32mx/4.5.2/../../../../pic32mx/lib\libpic32.a(vector34.o)
                0x9fc01640                __vector_dispatch_34
                0x00000001                ASSERT (((_vector_spacing == 0x0) || (SIZEOF (.vector_34) <= (_vector_spacing << 0x5))), function at exception vector 34 too large)

.vector_35      0x9fc01660        0x8
 *(.vector_35)
 .vector_35     0x9fc01660        0x8 c:/program files (x86)/microchip/xc32/v1.31/bin/../lib/gcc/pic32mx/4.5.2/../../../../pic32mx/lib\libpic32.a(vector35.o)
                0x9fc01660                __vector_dispatch_35
                0x00000001                ASSERT (((_vector_spacing == 0x0) || (SIZEOF (.vector_35) <= (_vector_spacing << 0x5))), function at exception vector 35 too large)

.vector_36      0x9fc01680        0x8
 *(.vector_36)
 .vector_36     0x9fc01680        0x8 c:/program files (x86)/microchip/xc32/v1.31/bin/../lib/gcc/pic32mx/4.5.2/../../../../pic32mx/lib\libpic32.a(vector36.o)
                0x9fc01680                __vector_dispatch_36
                0x00000001                ASSERT (((_vector_spacing == 0x0) || (SIZEOF (.vector_36) <= (_vector_spacing << 0x5))), function at exception vector 36 too large)

.vector_37      0x9fc016a0        0x8
 *(.vector_37)
 .vector_37     0x9fc016a0        0x8 c:/program files (x86)/microchip/xc32/v1.31/bin/../lib/gcc/pic32mx/4.5.2/../../../../pic32mx/lib\libpic32.a(vector37.o)
                0x9fc016a0                __vector_dispatch_37
                0x00000001                ASSERT (((_vector_spacing == 0x0) || (SIZEOF (.vector_37) <= (_vector_spacing << 0x5))), function at exception vector 37 too large)

.vector_38      0x9fc016c0        0x8
 *(.vector_38)
 .vector_38     0x9fc016c0        0x8 c:/program files (x86)/microchip/xc32/v1.31/bin/../lib/gcc/pic32mx/4.5.2/../../../../pic32mx/lib\libpic32.a(vector38.o)
                0x9fc016c0                __vector_dispatch_38
                0x00000001                ASSERT (((_vector_spacing == 0x0) || (SIZEOF (.vector_38) <= (_vector_spacing << 0x5))), function at exception vector 38 too large)

.vector_39      0x9fc016e0        0x8
 *(.vector_39)
 .vector_39     0x9fc016e0        0x8 c:/program files (x86)/microchip/xc32/v1.31/bin/../lib/gcc/pic32mx/4.5.2/../../../../pic32mx/lib\libpic32.a(vector39.o)
                0x9fc016e0                __vector_dispatch_39
                0x00000001                ASSERT (((_vector_spacing == 0x0) || (SIZEOF (.vector_39) <= (_vector_spacing << 0x5))), function at exception vector 39 too large)

.vector_40      0x9fc01700        0x8
 *(.vector_40)
 .vector_40     0x9fc01700        0x8 c:/program files (x86)/microchip/xc32/v1.31/bin/../lib/gcc/pic32mx/4.5.2/../../../../pic32mx/lib\libpic32.a(vector40.o)
                0x9fc01700                __vector_dispatch_40
                0x00000001                ASSERT (((_vector_spacing == 0x0) || (SIZEOF (.vector_40) <= (_vector_spacing << 0x5))), function at exception vector 40 too large)

.vector_41      0x9fc01720        0x8
 *(.vector_41)
 .vector_41     0x9fc01720        0x8 c:/program files (x86)/microchip/xc32/v1.31/bin/../lib/gcc/pic32mx/4.5.2/../../../../pic32mx/lib\libpic32.a(vector41.o)
                0x9fc01720                __vector_dispatch_41
                0x00000001                ASSERT (((_vector_spacing == 0x0) || (SIZEOF (.vector_41) <= (_vector_spacing << 0x5))), function at exception vector 41 too large)

.vector_42      0x9fc01740        0x8
 *(.vector_42)
 .vector_42     0x9fc01740        0x8 c:/program files (x86)/microchip/xc32/v1.31/bin/../lib/gcc/pic32mx/4.5.2/../../../../pic32mx/lib\libpic32.a(vector42.o)
                0x9fc01740                __vector_dispatch_42
                0x00000001                ASSERT (((_vector_spacing == 0x0) || (SIZEOF (.vector_42) <= (_vector_spacing << 0x5))), function at exception vector 42 too large)

.vector_43      0x9fc01760        0x8
 *(.vector_43)
 .vector_43     0x9fc01760        0x8 c:/program files (x86)/microchip/xc32/v1.31/bin/../lib/gcc/pic32mx/4.5.2/../../../../pic32mx/lib\libpic32.a(vector43.o)
                0x9fc01760                __vector_dispatch_43
                0x00000001                ASSERT (((_vector_spacing == 0x0) || (SIZEOF (.vector_43) <= (_vector_spacing << 0x5))), function at exception vector 43 too large)

.vector_44      0x9fc01780        0x8
 *(.vector_44)
 .vector_44     0x9fc01780        0x8 c:/program files (x86)/microchip/xc32/v1.31/bin/../lib/gcc/pic32mx/4.5.2/../../../../pic32mx/lib\libpic32.a(vector44.o)
                0x9fc01780                __vector_dispatch_44
                0x00000001                ASSERT (((_vector_spacing == 0x0) || (SIZEOF (.vector_44) <= (_vector_spacing << 0x5))), function at exception vector 44 too large)

.vector_45      0x9fc017a0        0x8
 *(.vector_45)
 .vector_45     0x9fc017a0        0x8 c:/program files (x86)/microchip/xc32/v1.31/bin/../lib/gcc/pic32mx/4.5.2/../../../../pic32mx/lib\libpic32.a(vector45.o)
                0x9fc017a0                __vector_dispatch_45
                0x00000001                ASSERT (((_vector_spacing == 0x0) || (SIZEOF (.vector_45) <= (_vector_spacing << 0x5))), function at exception vector 45 too large)

.vector_46      0x9fc017c0        0x8
 *(.vector_46)
 .vector_46     0x9fc017c0        0x8 c:/program files (x86)/microchip/xc32/v1.31/bin/../lib/gcc/pic32mx/4.5.2/../../../../pic32mx/lib\libpic32.a(vector46.o)
                0x9fc017c0                __vector_dispatch_46
                0x00000001                ASSERT (((_vector_spacing == 0x0) || (SIZEOF (.vector_46) <= (_vector_spacing << 0x5))), function at exception vector 46 too large)

.vector_47      0x9fc017e0        0x8
 *(.vector_47)
 .vector_47     0x9fc017e0        0x8 c:/program files (x86)/microchip/xc32/v1.31/bin/../lib/gcc/pic32mx/4.5.2/../../../../pic32mx/lib\libpic32.a(vector47.o)
                0x9fc017e0                __vector_dispatch_47
                0x00000001                ASSERT (((_vector_spacing == 0x0) || (SIZEOF (.vector_47) <= (_vector_spacing << 0x5))), function at exception vector 47 too large)

.vector_48      0x9fc01800        0x8
 *(.vector_48)
 .vector_48     0x9fc01800        0x8 c:/program files (x86)/microchip/xc32/v1.31/bin/../lib/gcc/pic32mx/4.5.2/../../../../pic32mx/lib\libpic32.a(vector48.o)
                0x9fc01800                __vector_dispatch_48
                0x00000001                ASSERT (((_vector_spacing == 0x0) || (SIZEOF (.vector_48) <= (_vector_spacing << 0x5))), function at exception vector 48 too large)

.vector_49      0x9fc01820        0x8
 *(.vector_49)
 .vector_49     0x9fc01820        0x8 c:/program files (x86)/microchip/xc32/v1.31/bin/../lib/gcc/pic32mx/4.5.2/../../../../pic32mx/lib\libpic32.a(vector49.o)
                0x9fc01820                __vector_dispatch_49
                0x00000001                ASSERT (((_vector_spacing == 0x0) || (SIZEOF (.vector_49) <= (_vector_spacing << 0x5))), function at exception vector 49 too large)

.vector_50      0x9fc01840        0x8
 *(.vector_50)
 .vector_50     0x9fc01840        0x8 c:/program files (x86)/microchip/xc32/v1.31/bin/../lib/gcc/pic32mx/4.5.2/../../../../pic32mx/lib\libpic32.a(vector50.o)
                0x9fc01840                __vector_dispatch_50
                0x00000001                ASSERT (((_vector_spacing == 0x0) || (SIZEOF (.vector_50) <= (_vector_spacing << 0x5))), function at exception vector 50 too large)

.vector_51      0x9fc01860        0x8
 *(.vector_51)
 .vector_51     0x9fc01860        0x8 c:/program files (x86)/microchip/xc32/v1.31/bin/../lib/gcc/pic32mx/4.5.2/../../../../pic32mx/lib\libpic32.a(vector51.o)
                0x9fc01860                __vector_dispatch_51
                0x00000001                ASSERT (((_vector_spacing == 0x0) || (SIZEOF (.vector_51) <= (_vector_spacing << 0x5))), function at exception vector 51 too large)

.vector_52      0x9fc01880        0x8
 *(.vector_52)
 .vector_52     0x9fc01880        0x8 c:/program files (x86)/microchip/xc32/v1.31/bin/../lib/gcc/pic32mx/4.5.2/../../../../pic32mx/lib\libpic32.a(vector52.o)
                0x9fc01880                __vector_dispatch_52
                0x00000001                ASSERT (((_vector_spacing == 0x0) || (SIZEOF (.vector_52) <= (_vector_spacing << 0x5))), function at exception vector 52 too large)

.vector_53      0x9fc018a0        0x8
 *(.vector_53)
 .vector_53     0x9fc018a0        0x8 c:/program files (x86)/microchip/xc32/v1.31/bin/../lib/gcc/pic32mx/4.5.2/../../../../pic32mx/lib\libpic32.a(vector53.o)
                0x9fc018a0                __vector_dispatch_53
                0x00000001                ASSERT (((_vector_spacing == 0x0) || (SIZEOF (.vector_53) <= (_vector_spacing << 0x5))), function at exception vector 53 too large)

.vector_54      0x9fc018c0        0x8
 *(.vector_54)
 .vector_54     0x9fc018c0        0x8 c:/program files (x86)/microchip/xc32/v1.31/bin/../lib/gcc/pic32mx/4.5.2/../../../../pic32mx/lib\libpic32.a(vector54.o)
                0x9fc018c0                __vector_dispatch_54
                0x00000001                ASSERT (((_vector_spacing == 0x0) || (SIZEOF (.vector_54) <= (_vector_spacing << 0x5))), function at exception vector 54 too large)

.vector_55      0x9fc018e0        0x8
 *(.vector_55)
 .vector_55     0x9fc018e0        0x8 c:/program files (x86)/microchip/xc32/v1.31/bin/../lib/gcc/pic32mx/4.5.2/../../../../pic32mx/lib\libpic32.a(vector55.o)
                0x9fc018e0                __vector_dispatch_55
                0x00000001                ASSERT (((_vector_spacing == 0x0) || (SIZEOF (.vector_55) <= (_vector_spacing << 0x5))), function at exception vector 55 too large)

.vector_56      0x9fc01900        0x8
 *(.vector_56)
 .vector_56     0x9fc01900        0x8 c:/program files (x86)/microchip/xc32/v1.31/bin/../lib/gcc/pic32mx/4.5.2/../../../../pic32mx/lib\libpic32.a(vector56.o)
                0x9fc01900                __vector_dispatch_56
                0x00000001                ASSERT (((_vector_spacing == 0x0) || (SIZEOF (.vector_56) <= (_vector_spacing << 0x5))), function at exception vector 56 too large)

.vector_57      0x9fc01920        0x8
 *(.vector_57)
 .vector_57     0x9fc01920        0x8 c:/program files (x86)/microchip/xc32/v1.31/bin/../lib/gcc/pic32mx/4.5.2/../../../../pic32mx/lib\libpic32.a(vector57.o)
                0x9fc01920                __vector_dispatch_57
                0x00000001                ASSERT (((_vector_spacing == 0x0) || (SIZEOF (.vector_57) <= (_vector_spacing << 0x5))), function at exception vector 57 too large)

.vector_58      0x9fc01940        0x8
 *(.vector_58)
 .vector_58     0x9fc01940        0x8 c:/program files (x86)/microchip/xc32/v1.31/bin/../lib/gcc/pic32mx/4.5.2/../../../../pic32mx/lib\libpic32.a(vector58.o)
                0x9fc01940                __vector_dispatch_58
                0x00000001                ASSERT (((_vector_spacing == 0x0) || (SIZEOF (.vector_58) <= (_vector_spacing << 0x5))), function at exception vector 58 too large)

.vector_59      0x9fc01960        0x8
 *(.vector_59)
 .vector_59     0x9fc01960        0x8 c:/program files (x86)/microchip/xc32/v1.31/bin/../lib/gcc/pic32mx/4.5.2/../../../../pic32mx/lib\libpic32.a(vector59.o)
                0x9fc01960                __vector_dispatch_59
                0x00000001                ASSERT (((_vector_spacing == 0x0) || (SIZEOF (.vector_59) <= (_vector_spacing << 0x5))), function at exception vector 59 too large)

.vector_60      0x9fc01980        0x8
 *(.vector_60)
 .vector_60     0x9fc01980        0x8 c:/program files (x86)/microchip/xc32/v1.31/bin/../lib/gcc/pic32mx/4.5.2/../../../../pic32mx/lib\libpic32.a(vector60.o)
                0x9fc01980                __vector_dispatch_60
                0x00000001                ASSERT (((_vector_spacing == 0x0) || (SIZEOF (.vector_60) <= (_vector_spacing << 0x5))), function at exception vector 60 too large)

.vector_61      0x9fc019a0        0x8
 *(.vector_61)
 .vector_61     0x9fc019a0        0x8 c:/program files (x86)/microchip/xc32/v1.31/bin/../lib/gcc/pic32mx/4.5.2/../../../../pic32mx/lib\libpic32.a(vector61.o)
                0x9fc019a0                __vector_dispatch_61
                0x00000001                ASSERT (((_vector_spacing == 0x0) || (SIZEOF (.vector_61) <= (_vector_spacing << 0x5))), function at exception vector 61 too large)

.vector_62      0x9fc019c0        0x8
 *(.vector_62)
 .vector_62     0x9fc019c0        0x8 c:/program files (x86)/microchip/xc32/v1.31/bin/../lib/gcc/pic32mx/4.5.2/../../../../pic32mx/lib\libpic32.a(vector62.o)
                0x9fc019c0                __vector_dispatch_62
                0x00000001                ASSERT (((_vector_spacing == 0x0) || (SIZEOF (.vector_62) <= (_vector_spacing << 0x5))), function at exception vector 62 too large)

.vector_63      0x9fc019e0        0x8
 *(.vector_63)
 .vector_63     0x9fc019e0        0x8 c:/program files (x86)/microchip/xc32/v1.31/bin/../lib/gcc/pic32mx/4.5.2/../../../../pic32mx/lib\libpic32.a(vector63.o)
                0x9fc019e0                __vector_dispatch_63
                0x00000001                ASSERT (((_vector_spacing == 0x0) || (SIZEOF (.vector_63) <= (_vector_spacing << 0x5))), function at exception vector 63 too large)

.startup
 *(.startup)

.text           0x9d000000        0x0
 *(.stub .gnu.linkonce.t.*)
 *(.text.*personality*)
 *(.mips16.fn.*)
 *(.mips16.call.*)
 *(.gnu.warning)
                0x9d000000                . = ALIGN (0x4)

.init           0x9d000000        0x0
 *crti.o(.init)
 *crtbegin.o(.init)
 *(EXCLUDE_FILE(*crtn.o *crtend?.o *crtend.o) .init)
 *crtend.o(.init)
 *crtn.o(.init)
                0x9d000000                . = ALIGN (0x4)

.fini           0x9d000000        0x0
 *(.fini)
                0x9d000000                . = ALIGN (0x4)

.preinit_array  0x9d000000        0x0
                0x9d000000                PROVIDE (__preinit_array_start, .)
 *(.preinit_array)
                0x9d000000                PROVIDE (__preinit_array_end, .)
                0x9d000000                . = ALIGN (0x4)

.init_array     0x9d000000        0x0
                0x9d000000                PROVIDE (__init_array_start, .)
 *(SORT(.init_array.*))
 *(.init_array)
                0x9d000000                PROVIDE (__init_array_end, .)
                0x9d000000                . = ALIGN (0x4)

.fini_array     0x9d000000        0x0
                0x9d000000                PROVIDE (__fini_array_start, .)
 *(SORT(.fini_array.*))
 *(.fini_array)
                0x9d000000                PROVIDE (__fini_array_end, .)
                0x9d000000                . = ALIGN (0x4)

.ctors          0x9d000000        0x0
 *crtbegin.o(.ctors)
 *crtbegin?.o(.ctors)
 *(EXCLUDE_FILE(*crtend?.o *crtend.o) .ctors)
 *(SORT(.ctors.*))
 *(.ctors)
                0x9d000000                . = ALIGN (0x4)

.dtors          0x9d000000        0x0
 *crtbegin.o(.dtors)
 *crtbegin?.o(.dtors)
 *(EXCLUDE_FILE(*crtend?.o *crtend.o) .dtors)
 *(SORT(.dtors.*))
 *(.dtors)
                0x9d000000                . = ALIGN (0x4)

.rodata         0x9d000000        0x0
 *(.gnu.linkonce.r.*)
 *(.rodata1)
                0x9d000000                . = ALIGN (0x4)

.sdata2         0x9fc00490        0x0
 *(.sdata2 .sdata2.* .gnu.linkonce.s2.*)
                0x9fc00490                . = ALIGN (0x4)

.sbss2          0x9fc00490        0x0
 *(.sbss2 .sbss2.* .gnu.linkonce.sb2.*)
                0x9fc00490                . = ALIGN (0x4)

.eh_frame_hdr
 *(.eh_frame_hdr)
                0x9fc00490                . = ALIGN (0x4)

.eh_frame
 *(.eh_frame)
                0x9fc00490                . = ALIGN (0x4)

.gcc_except_table
 *(.gcc_except_table .gcc_except_table.*)
                0x9fc00490                . = ALIGN (0x4)

.dbg_data       0xa0000000        0x0
                0xa0000000                . = (. + DEFINED (_DEBUGGER)?0x200:0x0)

.jcr            0xa0000000        0x0
 *(.jcr)
                0xa0000000                . = ALIGN (0x4)

.eh_frame
 *(.eh_frame)
                0xa0000000                . = ALIGN (0x4)

.gcc_except_table
 *(.gcc_except_table .gcc_except_table.*)
                0xa0000000                . = ALIGN (0x4)

.persist        0xa0000000        0x0
                0xa0000000                _persist_begin = .
 *(.persist .persist.*)
 *(.pbss .pbss.*)
                0xa0000000                . = ALIGN (0x4)
                0xa0000000                _persist_end = .

.data           0xa0000000        0x0
 *(.gnu.linkonce.d.*)
 *(.data1)
                0xa0000000                . = ALIGN (0x4)
                0xa0000000                . = .
                0xa0007ff0                _gp = (ALIGN (0x10) + 0x7ff0)

.got            0xa0000000        0x0
 *(.got.plt)
 *(.got)
                0xa0000000                . = ALIGN (0x4)

.sdata          0xa0000000        0x8
                0xa0000000                _sdata_begin = .
 *(.sdata .sdata.* .gnu.linkonce.s.*)
 .sdata         0xa0000000        0x1 build/XC32_PIC32MX795F512L/production/_ext/1713430119/GOL.o
 .sdata         0xa0000001        0x1 build/XC32_PIC32MX795F512L/production/_ext/1713430119/Primitive.o
 *fill*         0xa0000002        0x2 
 .sdata         0xa0000004        0x4 build/XC32_PIC32MX795F512L/production/image_dropp/GDD_Screens.o
                0xa0000004                CreateFunctionArray
                0xa0000008                . = ALIGN (0x4)
                0xa0000008                _sdata_end = .

.lit8
 *(.lit8)

.lit4
 *(.lit4)
                0xa0000008                . = ALIGN (0x4)
                0xa0000008                _data_end = .
                0xa0000008                _bss_begin = .

.sbss           0xa0000008       0xe4
                0xa0000008                _sbss_begin = .
 *(.dynsbss)
 *(.sbss .sbss.* .gnu.linkonce.sb.*)
 .sbss          0xa0000008       0x28 build/XC32_PIC32MX795F512L/production/_ext/1713430119/GOL.o
                0xa0000008                _pGolObjects
                0xa000000c                _pDefaultGolScheme
                0xa0000010                _pObjectFocused
                0xa0000014                _pRpnlBitmap
 .sbss          0xa0000030       0x48 build/XC32_PIC32MX795F512L/production/_ext/1713430119/Primitive.o
 .sbss          0xa0000078        0xc build/XC32_PIC32MX795F512L/production/_ext/1713430119/Picture.o
 .sbss          0xa0000084        0xc build/XC32_PIC32MX795F512L/production/exceptions.o
 .sbss          0xa0000090        0x1 build/XC32_PIC32MX795F512L/production/Primitives LLD/SSD1963.o
                0xa0000090                _gpioStatus
 *fill*         0xa0000091        0x3 
 .sbss          0xa0000094        0x8 build/XC32_PIC32MX795F512L/production/image_dropp/GDD_Screens.o
                0xa0000094                CreatePrimitivesFunctionArray
                0xa0000098                update
 .sbss          0xa000009c       0x10 c:/program files (x86)/microchip/xc32/v1.31/bin/../lib/gcc/pic32mx/4.5.2/../../../../pic32mx/lib\libc.a(malloc.o)
                0xa000009c                __allocp
                0xa00000a0                __alloct
                0xa00000a4                __allocx
 .sbss          0xa00000ac        0x8 c:/program files (x86)/microchip/xc32/v1.31/bin/../lib/gcc/pic32mx/4.5.2/../../../../pic32mx/lib\libpic32.a(sbrk.o)
                0xa00000ac                _minbrk
                0xa00000b0                _maxbrk
 .sbss          0xa00000b4        0x4 c:/program files (x86)/microchip/xc32/v1.31/bin/../lib/gcc/pic32mx/4.5.2/../../../../pic32mx/lib\libpic32.a(errno.o)
                0xa00000b4                errno
 *(.scommon)
 .scommon       0xa00000b8       0x12 build/XC32_PIC32MX795F512L/production/_ext/1713430119/GOL.o
                0xa00000b8                _rpnlY2
                0xa00000ba                _rpnlY1
                0xa00000bc                _rpnlEmbossDkColor
                0xa00000be                _rpnlFaceColor
                0xa00000c0                _rpnlX2
                0xa00000c2                _rpnlX1
                0xa00000c4                _rpnlEmbossSize
                0xa00000c6                _rpnlR
                0xa00000c8                _rpnlEmbossLtColor
 .scommon       0xa00000ca        0x9 build/XC32_PIC32MX795F512L/production/_ext/1713430119/Primitive.o
                0xa00000ca                _fontOrientation
                0xa00000cb                _bevelDrawType
                0xa00000cc                _lineType
                0xa00000ce                _cursorY
                0xa00000d0                _cursorX
                0xa00000d2                _lineThickness
 *fill*         0xa00000d3        0x1 
 .scommon       0xa00000d4       0x10 build/XC32_PIC32MX795F512L/production/Primitives LLD/SSD1963.o
                0xa00000d4                _visualPage
                0xa00000d6                _clipLeft
                0xa00000d8                _clipTop
                0xa00000da                _color
                0xa00000dc                _activePage
                0xa00000de                _clipRgn
                0xa00000e0                _clipRight
                0xa00000e2                _clipBottom
 .scommon       0xa00000e4        0x8 build/XC32_PIC32MX795F512L/production/image_dropp/GDD_Screens.o
                0xa00000e4                currentGDDDemoScreenIndex
                0xa00000e8                defscheme
                0xa00000ec                _sbss_end = .
                0xa00000ec                . = ALIGN (0x4)

.bss            0xa00000ec        0xc
 *(.dynbss)
 *(COMMON)
 COMMON         0xa00000ec        0xc build/XC32_PIC32MX795F512L/production/_ext/1713430119/Primitive.o
                0xa00000ec                currentFont
                0xa00000f8                . = ALIGN ((. != 0x0)?0x4:0x1)
                0xa00000f8                . = ALIGN (0x4)
                0xa00000f8                _end = .
                0xa00000f8                _bss_end = .
                0x00020000                _bmxdudba_address = 0x20000
                0x00020000                _bmxdupba_address = 0x20000

/DISCARD/
 *(.pdr)
 *(.rel.dyn)
 *(.note.GNU-stack)
 *(.note.GNU-stack)
 *(.gnu_debuglink)
 *(.gnu.lto_*)
 *(.discard)

.gptab.sdata
 *(.gptab.data)
 *(.gptab.sdata)

.gptab.sbss
 *(.gptab.bss)
 *(.gptab.sbss)

.mdebug.abi32   0xa00000f8        0x0
 *(.mdebug.abi32)
 .mdebug.abi32  0xa00000f8        0x0 build/XC32_PIC32MX795F512L/production/_ext/215660468/TouchScreen.o
 .mdebug.abi32  0xa00000f8        0x0 build/XC32_PIC32MX795F512L/production/_ext/215660468/TouchScreenAR1020.o
 .mdebug.abi32  0xa00000f8        0x0 build/XC32_PIC32MX795F512L/production/_ext/215660468/TouchScreenResistive.o
 .mdebug.abi32  0xa00000f8        0x0 build/XC32_PIC32MX795F512L/production/_ext/215660468/Beep.o
 .mdebug.abi32  0xa00000f8        0x0 build/XC32_PIC32MX795F512L/production/_ext/215660468/SST25VF016.o
 .mdebug.abi32  0xa00000f8        0x0 build/XC32_PIC32MX795F512L/production/_ext/215660468/cpld.o
 .mdebug.abi32  0xa00000f8        0x0 build/XC32_PIC32MX795F512L/production/_ext/215660468/drv_spi.o
 .mdebug.abi32  0xa00000f8        0x0 build/XC32_PIC32MX795F512L/production/_ext/215660468/SST39LF400.o
 .mdebug.abi32  0xa00000f8        0x0 build/XC32_PIC32MX795F512L/production/_ext/215660468/SST39VF040.o
 .mdebug.abi32  0xa00000f8        0x0 build/XC32_PIC32MX795F512L/production/_ext/215660468/MCHP25LC256.o
 .mdebug.abi32  0xa00000f8        0x0 build/XC32_PIC32MX795F512L/production/_ext/1575306571/gfxepmp.o
 .mdebug.abi32  0xa00000f8        0x0 build/XC32_PIC32MX795F512L/production/_ext/1575306571/mchpGfxDrv.o
 .mdebug.abi32  0xa00000f8        0x0 build/XC32_PIC32MX795F512L/production/_ext/1575306571/mchpGfxLCC.o
 .mdebug.abi32  0xa00000f8        0x0 build/XC32_PIC32MX795F512L/production/_ext/1575306571/TCON_Custom.o
 .mdebug.abi32  0xa00000f8        0x0 build/XC32_PIC32MX795F512L/production/_ext/1575306571/TCON_HX8238.o
 .mdebug.abi32  0xa00000f8        0x0 build/XC32_PIC32MX795F512L/production/_ext/1575306571/TCON_HX8257.o
 .mdebug.abi32  0xa00000f8        0x0 build/XC32_PIC32MX795F512L/production/_ext/1575306571/TCON_SSD1289.o
 .mdebug.abi32  0xa00000f8        0x0 build/XC32_PIC32MX795F512L/production/_ext/1575306571/drvTFT001.o
 .mdebug.abi32  0xa00000f8        0x0 build/XC32_PIC32MX795F512L/production/_ext/1575306571/drvTFT002.o
 .mdebug.abi32  0xa00000f8        0x0 build/XC32_PIC32MX795F512L/production/_ext/1575306571/HIT1270.o
 .mdebug.abi32  0xa00000f8        0x0 build/XC32_PIC32MX795F512L/production/_ext/1575306571/HX8347.o
 .mdebug.abi32  0xa00000f8        0x0 build/XC32_PIC32MX795F512L/production/_ext/1575306571/S1D13517.o
 .mdebug.abi32  0xa00000f8        0x0 build/XC32_PIC32MX795F512L/production/_ext/1575306571/SH1101A_SSD1303.o
 .mdebug.abi32  0xa00000f8        0x0 build/XC32_PIC32MX795F512L/production/_ext/1575306571/SSD1339.o
 .mdebug.abi32  0xa00000f8        0x0 build/XC32_PIC32MX795F512L/production/_ext/1575306571/SSD1926.o
 .mdebug.abi32  0xa00000f8        0x0 build/XC32_PIC32MX795F512L/production/_ext/1575306571/ST7529.o
 .mdebug.abi32  0xa00000f8        0x0 build/XC32_PIC32MX795F512L/production/_ext/1575306571/UC1610.o
 .mdebug.abi32  0xa00000f8        0x0 build/XC32_PIC32MX795F512L/production/_ext/1713430119/GOL.o
 .mdebug.abi32  0xa00000f8        0x0 build/XC32_PIC32MX795F512L/production/_ext/1713430119/GOLFontDefault.o
 .mdebug.abi32  0xa00000f8        0x0 build/XC32_PIC32MX795F512L/production/_ext/1713430119/GOLSchemeDefault.o
 .mdebug.abi32  0xa00000f8        0x0 build/XC32_PIC32MX795F512L/production/_ext/1713430119/Palette.o
 .mdebug.abi32  0xa00000f8        0x0 build/XC32_PIC32MX795F512L/production/_ext/1713430119/Primitive.o
 .mdebug.abi32  0xa00000f8        0x0 build/XC32_PIC32MX795F512L/production/_ext/1713430119/Button.o
 .mdebug.abi32  0xa00000f8        0x0 build/XC32_PIC32MX795F512L/production/_ext/1713430119/CheckBox.o
 .mdebug.abi32  0xa00000f8        0x0 build/XC32_PIC32MX795F512L/production/_ext/1713430119/Meter.o
 .mdebug.abi32  0xa00000f8        0x0 build/XC32_PIC32MX795F512L/production/_ext/1713430119/DigitalMeter.o
 .mdebug.abi32  0xa00000f8        0x0 build/XC32_PIC32MX795F512L/production/_ext/1713430119/Chart.o
 .mdebug.abi32  0xa00000f8        0x0 build/XC32_PIC32MX795F512L/production/_ext/1713430119/RadioButton.o
 .mdebug.abi32  0xa00000f8        0x0 build/XC32_PIC32MX795F512L/production/_ext/1713430119/ListBox.o
 .mdebug.abi32  0xa00000f8        0x0 build/XC32_PIC32MX795F512L/production/_ext/1713430119/GroupBox.o
 .mdebug.abi32  0xa00000f8        0x0 build/XC32_PIC32MX795F512L/production/_ext/1713430119/EditBox.o
 .mdebug.abi32  0xa00000f8        0x0 build/XC32_PIC32MX795F512L/production/_ext/1713430119/Window.o
 .mdebug.abi32  0xa00000f8        0x0 build/XC32_PIC32MX795F512L/production/_ext/1713430119/Slider.o
 .mdebug.abi32  0xa00000f8        0x0 build/XC32_PIC32MX795F512L/production/_ext/1713430119/StaticText.o
 .mdebug.abi32  0xa00000f8        0x0 build/XC32_PIC32MX795F512L/production/_ext/1713430119/RoundDial.o
 .mdebug.abi32  0xa00000f8        0x0 build/XC32_PIC32MX795F512L/production/_ext/1713430119/Picture.o
 .mdebug.abi32  0xa00000f8        0x0 build/XC32_PIC32MX795F512L/production/_ext/1713430119/ProgressBar.o
 .mdebug.abi32  0xa00000f8        0x0 build/XC32_PIC32MX795F512L/production/_ext/1713430119/TextEntry.o
 .mdebug.abi32  0xa00000f8        0x0 build/XC32_PIC32MX795F512L/production/configuration_bits.o
 .mdebug.abi32  0xa00000f8        0x0 build/XC32_PIC32MX795F512L/production/exceptions.o
 .mdebug.abi32  0xa00000f8        0x0 build/XC32_PIC32MX795F512L/production/interrupts.o
 .mdebug.abi32  0xa00000f8        0x0 build/XC32_PIC32MX795F512L/production/main.o
 .mdebug.abi32  0xa00000f8        0x0 build/XC32_PIC32MX795F512L/production/system.o
 .mdebug.abi32  0xa00000f8        0x0 build/XC32_PIC32MX795F512L/production/user.o
 .mdebug.abi32  0xa00000f8        0x0 build/XC32_PIC32MX795F512L/production/Primitives LLD/TimeDelay.o
 .mdebug.abi32  0xa00000f8        0x0 build/XC32_PIC32MX795F512L/production/Primitives LLD/SSD1963.o
 .mdebug.abi32  0xa00000f8        0x0 build/XC32_PIC32MX795F512L/production/image_dropp/GDD_Screens.o
 .mdebug.abi32  0xa00000f8        0x0 build/XC32_PIC32MX795F512L/production/image_dropp/GDD_Resource.o
 .mdebug.abi32  0xa00000f8        0x0 build/XC32_PIC32MX795F512L/production/image_dropp/GDD_X_Event_Handler.o
 .mdebug.abi32  0xa00000f8        0x0 build/XC32_PIC32MX795F512L/production/image_dropp/resource/newABIDlock.o
 .mdebug.abi32  0xa00000f8        0x0 c:/program files (x86)/microchip/xc32/v1.31/bin/../lib/gcc/pic32mx/4.5.2/../../../../pic32mx/lib\libmchp_peripheral_32MX795F512L.a(pcache.o)
 .mdebug.abi32  0xa00000f8        0x0 c:/program files (x86)/microchip/xc32/v1.31/bin/../lib/gcc/pic32mx/4.5.2/../../../../pic32mx/lib\libmchp_peripheral_32MX795F512L.a(int_configure_system_lib.o)
 .mdebug.abi32  0xa00000f8        0x0 c:/program files (x86)/microchip/xc32/v1.31/bin/../lib/gcc/pic32mx/4.5.2/../../../../pic32mx/lib\libmchp_peripheral_32MX795F512L.a(int_disable_interrupts_lib.o)
 .mdebug.abi32  0xa00000f8        0x0 c:/program files (x86)/microchip/xc32/v1.31/bin/../lib/gcc/pic32mx/4.5.2/../../../../pic32mx/lib\libmchp_peripheral_32MX795F512L.a(int_restore_interrupts_lib.o)
 .mdebug.abi32  0xa00000f8        0x0 c:/program files (x86)/microchip/xc32/v1.31/bin/../lib/gcc/pic32mx/4.5.2/../../../../pic32mx/lib\libpic32.a(default-bootstrap-exception-handler.o)
 .mdebug.abi32  0xa00000f8        0x0 c:/program files (x86)/microchip/xc32/v1.31/bin/../lib/gcc/pic32mx/4.5.2/../../../../pic32mx/lib\libpic32.a(default-on-reset.o)
 .mdebug.abi32  0xa00000f8        0x0 c:/program files (x86)/microchip/xc32/v1.31/bin/../lib/gcc/pic32mx/4.5.2/../../../../pic32mx/lib\libpic32.a(default-on-bootstrap.o)
 .mdebug.abi32  0xa00000f8        0x0 c:/program files (x86)/microchip/xc32/v1.31/bin/../lib/gcc/pic32mx/4.5.2/../../../../pic32mx/lib\libpic32.a(defaultinterrupt.o)
 .mdebug.abi32  0xa00000f8        0x0 c:/program files (x86)/microchip/xc32/v1.31/bin/../lib/gcc/pic32mx/4.5.2/../../../../pic32mx/lib\libc.a(malloc.o)
 .mdebug.abi32  0xa00000f8        0x0 c:/program files (x86)/microchip/xc32/v1.31/bin/../lib/gcc/pic32mx/4.5.2/../../../../pic32mx/lib\libpic32.a(sbrk.o)
 .mdebug.abi32  0xa00000f8        0x0 c:/program files (x86)/microchip/xc32/v1.31/bin/../lib/gcc/pic32mx/4.5.2/../../../../pic32mx/lib\libpic32.a(errno.o)

.mdebug.abiN32
 *(.mdebug.abiN32)

.mdebug.abi64
 *(.mdebug.abi64)

.mdebug.abiO64
 *(.mdebug.abiO64)

.mdebug.eabi32
 *(.mdebug.eabi32)

.mdebug.eabi64
 *(.mdebug.eabi64)

.gcc_compiled_long32
 *(.gcc_compiled_long32)

.gcc_compiled_long64
 *(.gcc_compiled_long64)

.stab
 *(.stab)

.stabstr
 *(.stabstr)

.stab.excl
 *(.stab.excl)

.stab.exclstr
 *(.stab.exclstr)

.stab.index
 *(.stab.index)

.stab.indexstr
 *(.stab.indexstr)

.comment        0x00000000      0x117
 *(.comment)
 .comment       0x00000000       0x3c build/XC32_PIC32MX795F512L/production/_ext/215660468/TouchScreen.o
                                 0x3d (size before relaxing)
 .comment       0x00000000       0x3d build/XC32_PIC32MX795F512L/production/_ext/215660468/TouchScreenAR1020.o
 .comment       0x00000000       0x3d build/XC32_PIC32MX795F512L/production/_ext/215660468/TouchScreenResistive.o
 .comment       0x00000000       0x3d build/XC32_PIC32MX795F512L/production/_ext/215660468/Beep.o
 .comment       0x00000000       0x3d build/XC32_PIC32MX795F512L/production/_ext/215660468/SST25VF016.o
 .comment       0x00000000       0x3d build/XC32_PIC32MX795F512L/production/_ext/215660468/cpld.o
 .comment       0x00000000       0x3d build/XC32_PIC32MX795F512L/production/_ext/215660468/drv_spi.o
 .comment       0x00000000       0x3d build/XC32_PIC32MX795F512L/production/_ext/215660468/SST39LF400.o
 .comment       0x00000000       0x3d build/XC32_PIC32MX795F512L/production/_ext/215660468/SST39VF040.o
 .comment       0x00000000       0x3d build/XC32_PIC32MX795F512L/production/_ext/215660468/MCHP25LC256.o
 .comment       0x00000000       0x3d build/XC32_PIC32MX795F512L/production/_ext/1575306571/gfxepmp.o
 .comment       0x00000000       0x3d build/XC32_PIC32MX795F512L/production/_ext/1575306571/mchpGfxDrv.o
 .comment       0x00000000       0x3d build/XC32_PIC32MX795F512L/production/_ext/1575306571/mchpGfxLCC.o
 .comment       0x00000000       0x3d build/XC32_PIC32MX795F512L/production/_ext/1575306571/TCON_Custom.o
 .comment       0x00000000       0x3d build/XC32_PIC32MX795F512L/production/_ext/1575306571/TCON_HX8238.o
 .comment       0x00000000       0x3d build/XC32_PIC32MX795F512L/production/_ext/1575306571/TCON_HX8257.o
 .comment       0x00000000       0x3d build/XC32_PIC32MX795F512L/production/_ext/1575306571/TCON_SSD1289.o
 .comment       0x00000000       0x3d build/XC32_PIC32MX795F512L/production/_ext/1575306571/drvTFT001.o
 .comment       0x00000000       0x3d build/XC32_PIC32MX795F512L/production/_ext/1575306571/drvTFT002.o
 .comment       0x00000000       0x3d build/XC32_PIC32MX795F512L/production/_ext/1575306571/HIT1270.o
 .comment       0x00000000       0x3d build/XC32_PIC32MX795F512L/production/_ext/1575306571/HX8347.o
 .comment       0x00000000       0x3d build/XC32_PIC32MX795F512L/production/_ext/1575306571/S1D13517.o
 .comment       0x00000000       0x3d build/XC32_PIC32MX795F512L/production/_ext/1575306571/SH1101A_SSD1303.o
 .comment       0x00000000       0x3d build/XC32_PIC32MX795F512L/production/_ext/1575306571/SSD1339.o
 .comment       0x00000000       0x3d build/XC32_PIC32MX795F512L/production/_ext/1575306571/SSD1926.o
 .comment       0x00000000       0x3d build/XC32_PIC32MX795F512L/production/_ext/1575306571/ST7529.o
 .comment       0x00000000       0x3d build/XC32_PIC32MX795F512L/production/_ext/1575306571/UC1610.o
 .comment       0x00000000       0x3d build/XC32_PIC32MX795F512L/production/_ext/1713430119/GOL.o
 .comment       0x00000000       0x3d build/XC32_PIC32MX795F512L/production/_ext/1713430119/GOLFontDefault.o
 .comment       0x00000000       0x3d build/XC32_PIC32MX795F512L/production/_ext/1713430119/GOLSchemeDefault.o
 .comment       0x00000000       0x3d build/XC32_PIC32MX795F512L/production/_ext/1713430119/Palette.o
 .comment       0x00000000       0x3d build/XC32_PIC32MX795F512L/production/_ext/1713430119/Primitive.o
 .comment       0x00000000       0x3d build/XC32_PIC32MX795F512L/production/_ext/1713430119/Button.o
 .comment       0x00000000       0x3d build/XC32_PIC32MX795F512L/production/_ext/1713430119/CheckBox.o
 .comment       0x00000000       0x3d build/XC32_PIC32MX795F512L/production/_ext/1713430119/Meter.o
 .comment       0x00000000       0x3d build/XC32_PIC32MX795F512L/production/_ext/1713430119/DigitalMeter.o
 .comment       0x00000000       0x3d build/XC32_PIC32MX795F512L/production/_ext/1713430119/Chart.o
 .comment       0x00000000       0x3d build/XC32_PIC32MX795F512L/production/_ext/1713430119/RadioButton.o
 .comment       0x00000000       0x3d build/XC32_PIC32MX795F512L/production/_ext/1713430119/ListBox.o
 .comment       0x00000000       0x3d build/XC32_PIC32MX795F512L/production/_ext/1713430119/GroupBox.o
 .comment       0x00000000       0x3d build/XC32_PIC32MX795F512L/production/_ext/1713430119/EditBox.o
 .comment       0x00000000       0x3d build/XC32_PIC32MX795F512L/production/_ext/1713430119/Window.o
 .comment       0x00000000       0x3d build/XC32_PIC32MX795F512L/production/_ext/1713430119/Slider.o
 .comment       0x00000000       0x3d build/XC32_PIC32MX795F512L/production/_ext/1713430119/StaticText.o
 .comment       0x00000000       0x3d build/XC32_PIC32MX795F512L/production/_ext/1713430119/RoundDial.o
 .comment       0x00000000       0x3d build/XC32_PIC32MX795F512L/production/_ext/1713430119/Picture.o
 .comment       0x00000000       0x3d build/XC32_PIC32MX795F512L/production/_ext/1713430119/ProgressBar.o
 .comment       0x00000000       0x3d build/XC32_PIC32MX795F512L/production/_ext/1713430119/TextEntry.o
 .comment       0x00000000       0x3d build/XC32_PIC32MX795F512L/production/configuration_bits.o
 .comment       0x00000000       0x3d build/XC32_PIC32MX795F512L/production/exceptions.o
 .comment       0x00000000       0x3d build/XC32_PIC32MX795F512L/production/interrupts.o
 .comment       0x00000000       0x3d build/XC32_PIC32MX795F512L/production/main.o
 .comment       0x00000000       0x3d build/XC32_PIC32MX795F512L/production/system.o
 .comment       0x00000000       0x3d build/XC32_PIC32MX795F512L/production/user.o
 .comment       0x00000000       0x3d build/XC32_PIC32MX795F512L/production/Primitives LLD/TimeDelay.o
 .comment       0x00000000       0x3d build/XC32_PIC32MX795F512L/production/Primitives LLD/SSD1963.o
 .comment       0x00000000       0x3d build/XC32_PIC32MX795F512L/production/image_dropp/GDD_Screens.o
 .comment       0x00000000       0x3d build/XC32_PIC32MX795F512L/production/image_dropp/GDD_Resource.o
 .comment       0x00000000       0x3d build/XC32_PIC32MX795F512L/production/image_dropp/GDD_X_Event_Handler.o
 .comment       0x00000000       0x3d build/XC32_PIC32MX795F512L/production/image_dropp/resource/newABIDlock.o
 .comment       0x0000003c       0x3c c:/program files (x86)/microchip/xc32/v1.31/bin/../lib/gcc/pic32mx/4.5.2/../../../../pic32mx/lib\libmchp_peripheral_32MX795F512L.a(pcache.o)
                                 0x3d (size before relaxing)
 .comment       0x00000000       0x3d c:/program files (x86)/microchip/xc32/v1.31/bin/../lib/gcc/pic32mx/4.5.2/../../../../pic32mx/lib\libmchp_peripheral_32MX795F512L.a(int_configure_system_lib.o)
 .comment       0x00000000       0x3d c:/program files (x86)/microchip/xc32/v1.31/bin/../lib/gcc/pic32mx/4.5.2/../../../../pic32mx/lib\libmchp_peripheral_32MX795F512L.a(int_disable_interrupts_lib.o)
 .comment       0x00000000       0x3d c:/program files (x86)/microchip/xc32/v1.31/bin/../lib/gcc/pic32mx/4.5.2/../../../../pic32mx/lib\libmchp_peripheral_32MX795F512L.a(int_restore_interrupts_lib.o)
 .comment       0x00000078       0x3c c:/program files (x86)/microchip/xc32/v1.31/bin/../lib/gcc/pic32mx/4.5.2/../../../../pic32mx/lib\libpic32.a(default-bootstrap-exception-handler.o)
                                 0x3d (size before relaxing)
 .comment       0x00000000       0x3d c:/program files (x86)/microchip/xc32/v1.31/bin/../lib/gcc/pic32mx/4.5.2/../../../../pic32mx/lib\libpic32.a(default-on-reset.o)
 .comment       0x00000000       0x3d c:/program files (x86)/microchip/xc32/v1.31/bin/../lib/gcc/pic32mx/4.5.2/../../../../pic32mx/lib\libpic32.a(default-on-bootstrap.o)
 .comment       0x00000000       0x3d c:/program files (x86)/microchip/xc32/v1.31/bin/../lib/gcc/pic32mx/4.5.2/../../../../pic32mx/lib\libpic32.a(defaultinterrupt.o)
 .comment       0x00000000       0x3d c:/program files (x86)/microchip/xc32/v1.31/bin/../lib/gcc/pic32mx/4.5.2/../../../../pic32mx/lib\libc.a(malloc.o)
 .comment       0x000000b4       0x4b c:/program files (x86)/microchip/xc32/v1.31/bin/../lib/gcc/pic32mx/4.5.2/../../../../pic32mx/lib\libpic32.a(sbrk.o)
                                 0x88 (size before relaxing)
 .comment       0x00000000       0x3d c:/program files (x86)/microchip/xc32/v1.31/bin/../lib/gcc/pic32mx/4.5.2/../../../../pic32mx/lib\libpic32.a(errno.o)
 .comment       0x000000ff       0x18 c:/program files (x86)/microchip/xc32/v1.31/bin/../lib/gcc/pic32mx/4.5.2/../../../../pic32mx/lib\libpic32.a(memset.o)
                                 0x19 (size before relaxing)

.debug
 *(.debug)

.line
 *(.line)

.debug_srcinfo
 *(.debug_srcinfo)

.debug_sfnames
 *(.debug_sfnames)

.debug_aranges  0x00000000      0x2f8
 *(.debug_aranges)
 .debug_aranges
                0x00000000       0x20 build/XC32_PIC32MX795F512L/production/_ext/215660468/drv_spi.o
 .debug_aranges
                0x00000020       0x20 build/XC32_PIC32MX795F512L/production/_ext/1575306571/TCON_Custom.o
 .debug_aranges
                0x00000040       0x20 build/XC32_PIC32MX795F512L/production/_ext/1713430119/GOL.o
 .debug_aranges
                0x00000060       0x20 build/XC32_PIC32MX795F512L/production/_ext/1713430119/Primitive.o
 .debug_aranges
                0x00000080       0x20 build/XC32_PIC32MX795F512L/production/_ext/1713430119/Picture.o
 .debug_aranges
                0x000000a0       0x20 build/XC32_PIC32MX795F512L/production/exceptions.o
 .debug_aranges
                0x000000c0       0x20 build/XC32_PIC32MX795F512L/production/main.o
 .debug_aranges
                0x000000e0       0x20 build/XC32_PIC32MX795F512L/production/user.o
 .debug_aranges
                0x00000100       0x20 build/XC32_PIC32MX795F512L/production/Primitives LLD/TimeDelay.o
 .debug_aranges
                0x00000120       0x20 build/XC32_PIC32MX795F512L/production/Primitives LLD/SSD1963.o
 .debug_aranges
                0x00000140       0x20 build/XC32_PIC32MX795F512L/production/image_dropp/GDD_Screens.o
 .debug_aranges
                0x00000160       0x20 build/XC32_PIC32MX795F512L/production/image_dropp/GDD_X_Event_Handler.o
 .debug_aranges
                0x00000180       0x28 c:/program files (x86)/microchip/xc32/v1.31/bin/../lib/gcc/pic32mx/4.5.2/../../../../pic32mx/lib\libmchp_peripheral_32MX795F512L.a(pcache.o)
 .debug_aranges
                0x000001a8       0x20 c:/program files (x86)/microchip/xc32/v1.31/bin/../lib/gcc/pic32mx/4.5.2/../../../../pic32mx/lib\libmchp_peripheral_32MX795F512L.a(int_configure_system_lib.o)
 .debug_aranges
                0x000001c8       0x20 c:/program files (x86)/microchip/xc32/v1.31/bin/../lib/gcc/pic32mx/4.5.2/../../../../pic32mx/lib\libmchp_peripheral_32MX795F512L.a(int_disable_interrupts_lib.o)
 .debug_aranges
                0x000001e8       0x20 c:/program files (x86)/microchip/xc32/v1.31/bin/../lib/gcc/pic32mx/4.5.2/../../../../pic32mx/lib\libmchp_peripheral_32MX795F512L.a(int_restore_interrupts_lib.o)
 .debug_aranges
                0x00000208       0x20 c:/program files (x86)/microchip/xc32/v1.31/bin/../lib/gcc/pic32mx/4.5.2/../../../../pic32mx/lib\libpic32.a(default-bootstrap-exception-handler.o)
 .debug_aranges
                0x00000228       0x20 c:/program files (x86)/microchip/xc32/v1.31/bin/../lib/gcc/pic32mx/4.5.2/../../../../pic32mx/lib\libpic32.a(default-on-reset.o)
 .debug_aranges
                0x00000248       0x20 c:/program files (x86)/microchip/xc32/v1.31/bin/../lib/gcc/pic32mx/4.5.2/../../../../pic32mx/lib\libpic32.a(default-on-bootstrap.o)
 .debug_aranges
                0x00000268       0x20 c:/program files (x86)/microchip/xc32/v1.31/bin/../lib/gcc/pic32mx/4.5.2/../../../../pic32mx/lib\libpic32.a(defaultinterrupt.o)
 .debug_aranges
                0x00000288       0x30 c:/program files (x86)/microchip/xc32/v1.31/bin/../lib/gcc/pic32mx/4.5.2/../../../../pic32mx/lib\libc.a(malloc.o)
 .debug_aranges
                0x000002b8       0x40 c:/program files (x86)/microchip/xc32/v1.31/bin/../lib/gcc/pic32mx/4.5.2/../../../../pic32mx/lib\libpic32.a(sbrk.o)

.debug_pubnames
                0x00000000      0xc3f
 *(.debug_pubnames)
 .debug_pubnames
                0x00000000       0x59 build/XC32_PIC32MX795F512L/production/_ext/215660468/drv_spi.o
 .debug_pubnames
                0x00000059       0x20 build/XC32_PIC32MX795F512L/production/_ext/1575306571/TCON_Custom.o
 .debug_pubnames
                0x00000079      0x234 build/XC32_PIC32MX795F512L/production/_ext/1713430119/GOL.o
 .debug_pubnames
                0x000002ad       0x3a build/XC32_PIC32MX795F512L/production/_ext/1713430119/GOLFontDefault.o
 .debug_pubnames
                0x000002e7       0x27 build/XC32_PIC32MX795F512L/production/_ext/1713430119/GOLSchemeDefault.o
 .debug_pubnames
                0x0000030e      0x2be build/XC32_PIC32MX795F512L/production/_ext/1713430119/Primitive.o
 .debug_pubnames
                0x000005cc       0x43 build/XC32_PIC32MX795F512L/production/_ext/1713430119/Picture.o
 .debug_pubnames
                0x0000060f       0x31 build/XC32_PIC32MX795F512L/production/exceptions.o
 .debug_pubnames
                0x00000640       0x1b build/XC32_PIC32MX795F512L/production/main.o
 .debug_pubnames
                0x0000065b       0x1e build/XC32_PIC32MX795F512L/production/user.o
 .debug_pubnames
                0x00000679       0x2c build/XC32_PIC32MX795F512L/production/Primitives LLD/TimeDelay.o
 .debug_pubnames
                0x000006a5      0x208 build/XC32_PIC32MX795F512L/production/Primitives LLD/SSD1963.o
 .debug_pubnames
                0x000008ad      0x107 build/XC32_PIC32MX795F512L/production/image_dropp/GDD_Screens.o
 .debug_pubnames
                0x000009b4       0x56 build/XC32_PIC32MX795F512L/production/image_dropp/GDD_Resource.o
 .debug_pubnames
                0x00000a0a       0x2c build/XC32_PIC32MX795F512L/production/image_dropp/GDD_X_Event_Handler.o
 .debug_pubnames
                0x00000a36       0x22 build/XC32_PIC32MX795F512L/production/image_dropp/resource/newABIDlock.o
 .debug_pubnames
                0x00000a58       0x3b c:/program files (x86)/microchip/xc32/v1.31/bin/../lib/gcc/pic32mx/4.5.2/../../../../pic32mx/lib\libmchp_peripheral_32MX795F512L.a(pcache.o)
 .debug_pubnames
                0x00000a93       0x29 c:/program files (x86)/microchip/xc32/v1.31/bin/../lib/gcc/pic32mx/4.5.2/../../../../pic32mx/lib\libmchp_peripheral_32MX795F512L.a(int_configure_system_lib.o)
 .debug_pubnames
                0x00000abc       0x2b c:/program files (x86)/microchip/xc32/v1.31/bin/../lib/gcc/pic32mx/4.5.2/../../../../pic32mx/lib\libmchp_peripheral_32MX795F512L.a(int_disable_interrupts_lib.o)
 .debug_pubnames
                0x00000ae7       0x2b c:/program files (x86)/microchip/xc32/v1.31/bin/../lib/gcc/pic32mx/4.5.2/../../../../pic32mx/lib\libmchp_peripheral_32MX795F512L.a(int_restore_interrupts_lib.o)
 .debug_pubnames
                0x00000b12       0x33 c:/program files (x86)/microchip/xc32/v1.31/bin/../lib/gcc/pic32mx/4.5.2/../../../../pic32mx/lib\libpic32.a(default-bootstrap-exception-handler.o)
 .debug_pubnames
                0x00000b45       0x20 c:/program files (x86)/microchip/xc32/v1.31/bin/../lib/gcc/pic32mx/4.5.2/../../../../pic32mx/lib\libpic32.a(default-on-reset.o)
 .debug_pubnames
                0x00000b65       0x24 c:/program files (x86)/microchip/xc32/v1.31/bin/../lib/gcc/pic32mx/4.5.2/../../../../pic32mx/lib\libpic32.a(default-on-bootstrap.o)
 .debug_pubnames
                0x00000b89       0x28 c:/program files (x86)/microchip/xc32/v1.31/bin/../lib/gcc/pic32mx/4.5.2/../../../../pic32mx/lib\libpic32.a(defaultinterrupt.o)
 .debug_pubnames
                0x00000bb1       0x32 c:/program files (x86)/microchip/xc32/v1.31/bin/../lib/gcc/pic32mx/4.5.2/../../../../pic32mx/lib\libc.a(malloc.o)
 .debug_pubnames
                0x00000be3       0x5c c:/program files (x86)/microchip/xc32/v1.31/bin/../lib/gcc/pic32mx/4.5.2/../../../../pic32mx/lib\libpic32.a(sbrk.o)

.debug_info     0x00000000    0x148c9
 *(.debug_info .gnu.linkonce.wi.*)
 .debug_info    0x00000000       0xff build/XC32_PIC32MX795F512L/production/_ext/215660468/TouchScreen.o
 .debug_info    0x000000ff      0x150 build/XC32_PIC32MX795F512L/production/_ext/215660468/TouchScreenAR1020.o
 .debug_info    0x0000024f      0x108 build/XC32_PIC32MX795F512L/production/_ext/215660468/TouchScreenResistive.o
 .debug_info    0x00000357      0x143 build/XC32_PIC32MX795F512L/production/_ext/215660468/Beep.o
 .debug_info    0x0000049a       0xfe build/XC32_PIC32MX795F512L/production/_ext/215660468/SST25VF016.o
 .debug_info    0x00000598       0xf8 build/XC32_PIC32MX795F512L/production/_ext/215660468/cpld.o
 .debug_info    0x00000690      0x712 build/XC32_PIC32MX795F512L/production/_ext/215660468/drv_spi.o
 .debug_info    0x00000da2      0x149 build/XC32_PIC32MX795F512L/production/_ext/215660468/SST39LF400.o
 .debug_info    0x00000eeb      0x149 build/XC32_PIC32MX795F512L/production/_ext/215660468/SST39VF040.o
 .debug_info    0x00001034       0xff build/XC32_PIC32MX795F512L/production/_ext/215660468/MCHP25LC256.o
 .debug_info    0x00001133      0x14b build/XC32_PIC32MX795F512L/production/_ext/1575306571/gfxepmp.o
 .debug_info    0x0000127e      0x103 build/XC32_PIC32MX795F512L/production/_ext/1575306571/mchpGfxDrv.o
 .debug_info    0x00001381      0x103 build/XC32_PIC32MX795F512L/production/_ext/1575306571/mchpGfxLCC.o
 .debug_info    0x00001484      0x168 build/XC32_PIC32MX795F512L/production/_ext/1575306571/TCON_Custom.o
 .debug_info    0x000015ec      0x14f build/XC32_PIC32MX795F512L/production/_ext/1575306571/TCON_HX8238.o
 .debug_info    0x0000173b      0x14f build/XC32_PIC32MX795F512L/production/_ext/1575306571/TCON_HX8257.o
 .debug_info    0x0000188a      0x150 build/XC32_PIC32MX795F512L/production/_ext/1575306571/TCON_SSD1289.o
 .debug_info    0x000019da      0x102 build/XC32_PIC32MX795F512L/production/_ext/1575306571/drvTFT001.o
 .debug_info    0x00001adc      0x102 build/XC32_PIC32MX795F512L/production/_ext/1575306571/drvTFT002.o
 .debug_info    0x00001bde      0x100 build/XC32_PIC32MX795F512L/production/_ext/1575306571/HIT1270.o
 .debug_info    0x00001cde       0xff build/XC32_PIC32MX795F512L/production/_ext/1575306571/HX8347.o
 .debug_info    0x00001ddd      0x101 build/XC32_PIC32MX795F512L/production/_ext/1575306571/S1D13517.o
 .debug_info    0x00001ede      0x108 build/XC32_PIC32MX795F512L/production/_ext/1575306571/SH1101A_SSD1303.o
 .debug_info    0x00001fe6      0x100 build/XC32_PIC32MX795F512L/production/_ext/1575306571/SSD1339.o
 .debug_info    0x000020e6      0x100 build/XC32_PIC32MX795F512L/production/_ext/1575306571/SSD1926.o
 .debug_info    0x000021e6       0xff build/XC32_PIC32MX795F512L/production/_ext/1575306571/ST7529.o
 .debug_info    0x000022e5       0xff build/XC32_PIC32MX795F512L/production/_ext/1575306571/UC1610.o
 .debug_info    0x000023e4     0x128b build/XC32_PIC32MX795F512L/production/_ext/1713430119/GOL.o
 .debug_info    0x0000366f      0x292 build/XC32_PIC32MX795F512L/production/_ext/1713430119/GOLFontDefault.o
 .debug_info    0x00003901      0x390 build/XC32_PIC32MX795F512L/production/_ext/1713430119/GOLSchemeDefault.o
 .debug_info    0x00003c91      0x143 build/XC32_PIC32MX795F512L/production/_ext/1713430119/Palette.o
 .debug_info    0x00003dd4     0x231c build/XC32_PIC32MX795F512L/production/_ext/1713430119/Primitive.o
 .debug_info    0x000060f0      0x142 build/XC32_PIC32MX795F512L/production/_ext/1713430119/Button.o
 .debug_info    0x00006232      0x144 build/XC32_PIC32MX795F512L/production/_ext/1713430119/CheckBox.o
 .debug_info    0x00006376      0x141 build/XC32_PIC32MX795F512L/production/_ext/1713430119/Meter.o
 .debug_info    0x000064b7      0x148 build/XC32_PIC32MX795F512L/production/_ext/1713430119/DigitalMeter.o
 .debug_info    0x000065ff      0x141 build/XC32_PIC32MX795F512L/production/_ext/1713430119/Chart.o
 .debug_info    0x00006740      0x147 build/XC32_PIC32MX795F512L/production/_ext/1713430119/RadioButton.o
 .debug_info    0x00006887      0x143 build/XC32_PIC32MX795F512L/production/_ext/1713430119/ListBox.o
 .debug_info    0x000069ca      0x144 build/XC32_PIC32MX795F512L/production/_ext/1713430119/GroupBox.o
 .debug_info    0x00006b0e      0x143 build/XC32_PIC32MX795F512L/production/_ext/1713430119/EditBox.o
 .debug_info    0x00006c51      0x142 build/XC32_PIC32MX795F512L/production/_ext/1713430119/Window.o
 .debug_info    0x00006d93      0x142 build/XC32_PIC32MX795F512L/production/_ext/1713430119/Slider.o
 .debug_info    0x00006ed5      0x146 build/XC32_PIC32MX795F512L/production/_ext/1713430119/StaticText.o
 .debug_info    0x0000701b      0x145 build/XC32_PIC32MX795F512L/production/_ext/1713430119/RoundDial.o
 .debug_info    0x00007160      0xc9c build/XC32_PIC32MX795F512L/production/_ext/1713430119/Picture.o
 .debug_info    0x00007dfc      0x147 build/XC32_PIC32MX795F512L/production/_ext/1713430119/ProgressBar.o
 .debug_info    0x00007f43      0x145 build/XC32_PIC32MX795F512L/production/_ext/1713430119/TextEntry.o
 .debug_info    0x00008088     0x1146 build/XC32_PIC32MX795F512L/production/configuration_bits.o
 .debug_info    0x000091ce     0x127a build/XC32_PIC32MX795F512L/production/exceptions.o
 .debug_info    0x0000a448     0x113e build/XC32_PIC32MX795F512L/production/interrupts.o
 .debug_info    0x0000b586     0x16ce build/XC32_PIC32MX795F512L/production/main.o
 .debug_info    0x0000cc54     0x113a build/XC32_PIC32MX795F512L/production/system.o
 .debug_info    0x0000dd8e     0x114f build/XC32_PIC32MX795F512L/production/user.o
 .debug_info    0x0000eedd     0x1226 build/XC32_PIC32MX795F512L/production/Primitives LLD/TimeDelay.o
 .debug_info    0x00010103     0x29ff build/XC32_PIC32MX795F512L/production/Primitives LLD/SSD1963.o
 .debug_info    0x00012b02      0xa0a build/XC32_PIC32MX795F512L/production/image_dropp/GDD_Screens.o
 .debug_info    0x0001350c      0x33a build/XC32_PIC32MX795F512L/production/image_dropp/GDD_Resource.o
 .debug_info    0x00013846      0x62e build/XC32_PIC32MX795F512L/production/image_dropp/GDD_X_Event_Handler.o
 .debug_info    0x00013e74      0x25f build/XC32_PIC32MX795F512L/production/image_dropp/resource/newABIDlock.o
 .debug_info    0x000140d3       0xbf c:/program files (x86)/microchip/xc32/v1.31/bin/../lib/gcc/pic32mx/4.5.2/../../../../pic32mx/lib\libmchp_peripheral_32MX795F512L.a(pcache.o)
 .debug_info    0x00014192       0xb2 c:/program files (x86)/microchip/xc32/v1.31/bin/../lib/gcc/pic32mx/4.5.2/../../../../pic32mx/lib\libmchp_peripheral_32MX795F512L.a(int_configure_system_lib.o)
 .debug_info    0x00014244       0xb6 c:/program files (x86)/microchip/xc32/v1.31/bin/../lib/gcc/pic32mx/4.5.2/../../../../pic32mx/lib\libmchp_peripheral_32MX795F512L.a(int_disable_interrupts_lib.o)
 .debug_info    0x000142fa       0xb6 c:/program files (x86)/microchip/xc32/v1.31/bin/../lib/gcc/pic32mx/4.5.2/../../../../pic32mx/lib\libmchp_peripheral_32MX795F512L.a(int_restore_interrupts_lib.o)
 .debug_info    0x000143b0       0xde c:/program files (x86)/microchip/xc32/v1.31/bin/../lib/gcc/pic32mx/4.5.2/../../../../pic32mx/lib\libpic32.a(default-bootstrap-exception-handler.o)
 .debug_info    0x0001448e       0xb8 c:/program files (x86)/microchip/xc32/v1.31/bin/../lib/gcc/pic32mx/4.5.2/../../../../pic32mx/lib\libpic32.a(default-on-reset.o)
 .debug_info    0x00014546       0xc0 c:/program files (x86)/microchip/xc32/v1.31/bin/../lib/gcc/pic32mx/4.5.2/../../../../pic32mx/lib\libpic32.a(default-on-bootstrap.o)
 .debug_info    0x00014606       0xd2 c:/program files (x86)/microchip/xc32/v1.31/bin/../lib/gcc/pic32mx/4.5.2/../../../../pic32mx/lib\libpic32.a(defaultinterrupt.o)
 .debug_info    0x000146d8       0xe0 c:/program files (x86)/microchip/xc32/v1.31/bin/../lib/gcc/pic32mx/4.5.2/../../../../pic32mx/lib\libc.a(malloc.o)
 .debug_info    0x000147b8      0x111 c:/program files (x86)/microchip/xc32/v1.31/bin/../lib/gcc/pic32mx/4.5.2/../../../../pic32mx/lib\libpic32.a(sbrk.o)
 .debug_info    0x000148c9        0x0 c:/program files (x86)/microchip/xc32/v1.31/bin/../lib/gcc/pic32mx/4.5.2/../../../../pic32mx/lib\libpic32.a(errno.o)

.debug_abbrev   0x00000000     0x20fb
 *(.debug_abbrev)
 .debug_abbrev  0x00000000       0x1f build/XC32_PIC32MX795F512L/production/_ext/215660468/TouchScreen.o
 .debug_abbrev  0x0000001f       0x1f build/XC32_PIC32MX795F512L/production/_ext/215660468/TouchScreenAR1020.o
 .debug_abbrev  0x0000003e       0x1f build/XC32_PIC32MX795F512L/production/_ext/215660468/TouchScreenResistive.o
 .debug_abbrev  0x0000005d       0x1f build/XC32_PIC32MX795F512L/production/_ext/215660468/Beep.o
 .debug_abbrev  0x0000007c       0x1f build/XC32_PIC32MX795F512L/production/_ext/215660468/SST25VF016.o
 .debug_abbrev  0x0000009b       0x1f build/XC32_PIC32MX795F512L/production/_ext/215660468/cpld.o
 .debug_abbrev  0x000000ba      0x195 build/XC32_PIC32MX795F512L/production/_ext/215660468/drv_spi.o
 .debug_abbrev  0x0000024f       0x1f build/XC32_PIC32MX795F512L/production/_ext/215660468/SST39LF400.o
 .debug_abbrev  0x0000026e       0x1f build/XC32_PIC32MX795F512L/production/_ext/215660468/SST39VF040.o
 .debug_abbrev  0x0000028d       0x1f build/XC32_PIC32MX795F512L/production/_ext/215660468/MCHP25LC256.o
 .debug_abbrev  0x000002ac       0x1f build/XC32_PIC32MX795F512L/production/_ext/1575306571/gfxepmp.o
 .debug_abbrev  0x000002cb       0x1f build/XC32_PIC32MX795F512L/production/_ext/1575306571/mchpGfxDrv.o
 .debug_abbrev  0x000002ea       0x1f build/XC32_PIC32MX795F512L/production/_ext/1575306571/mchpGfxLCC.o
 .debug_abbrev  0x00000309       0x34 build/XC32_PIC32MX795F512L/production/_ext/1575306571/TCON_Custom.o
 .debug_abbrev  0x0000033d       0x1f build/XC32_PIC32MX795F512L/production/_ext/1575306571/TCON_HX8238.o
 .debug_abbrev  0x0000035c       0x1f build/XC32_PIC32MX795F512L/production/_ext/1575306571/TCON_HX8257.o
 .debug_abbrev  0x0000037b       0x1f build/XC32_PIC32MX795F512L/production/_ext/1575306571/TCON_SSD1289.o
 .debug_abbrev  0x0000039a       0x1f build/XC32_PIC32MX795F512L/production/_ext/1575306571/drvTFT001.o
 .debug_abbrev  0x000003b9       0x1f build/XC32_PIC32MX795F512L/production/_ext/1575306571/drvTFT002.o
 .debug_abbrev  0x000003d8       0x1f build/XC32_PIC32MX795F512L/production/_ext/1575306571/HIT1270.o
 .debug_abbrev  0x000003f7       0x1f build/XC32_PIC32MX795F512L/production/_ext/1575306571/HX8347.o
 .debug_abbrev  0x00000416       0x1f build/XC32_PIC32MX795F512L/production/_ext/1575306571/S1D13517.o
 .debug_abbrev  0x00000435       0x1f build/XC32_PIC32MX795F512L/production/_ext/1575306571/SH1101A_SSD1303.o
 .debug_abbrev  0x00000454       0x1f build/XC32_PIC32MX795F512L/production/_ext/1575306571/SSD1339.o
 .debug_abbrev  0x00000473       0x1f build/XC32_PIC32MX795F512L/production/_ext/1575306571/SSD1926.o
 .debug_abbrev  0x00000492       0x1f build/XC32_PIC32MX795F512L/production/_ext/1575306571/ST7529.o
 .debug_abbrev  0x000004b1       0x1f build/XC32_PIC32MX795F512L/production/_ext/1575306571/UC1610.o
 .debug_abbrev  0x000004d0      0x288 build/XC32_PIC32MX795F512L/production/_ext/1713430119/GOL.o
 .debug_abbrev  0x00000758       0xc0 build/XC32_PIC32MX795F512L/production/_ext/1713430119/GOLFontDefault.o
 .debug_abbrev  0x00000818       0xc0 build/XC32_PIC32MX795F512L/production/_ext/1713430119/GOLSchemeDefault.o
 .debug_abbrev  0x000008d8       0x1f build/XC32_PIC32MX795F512L/production/_ext/1713430119/Palette.o
 .debug_abbrev  0x000008f7      0x205 build/XC32_PIC32MX795F512L/production/_ext/1713430119/Primitive.o
 .debug_abbrev  0x00000afc       0x1f build/XC32_PIC32MX795F512L/production/_ext/1713430119/Button.o
 .debug_abbrev  0x00000b1b       0x1f build/XC32_PIC32MX795F512L/production/_ext/1713430119/CheckBox.o
 .debug_abbrev  0x00000b3a       0x1f build/XC32_PIC32MX795F512L/production/_ext/1713430119/Meter.o
 .debug_abbrev  0x00000b59       0x1f build/XC32_PIC32MX795F512L/production/_ext/1713430119/DigitalMeter.o
 .debug_abbrev  0x00000b78       0x1f build/XC32_PIC32MX795F512L/production/_ext/1713430119/Chart.o
 .debug_abbrev  0x00000b97       0x1f build/XC32_PIC32MX795F512L/production/_ext/1713430119/RadioButton.o
 .debug_abbrev  0x00000bb6       0x1f build/XC32_PIC32MX795F512L/production/_ext/1713430119/ListBox.o
 .debug_abbrev  0x00000bd5       0x1f build/XC32_PIC32MX795F512L/production/_ext/1713430119/GroupBox.o
 .debug_abbrev  0x00000bf4       0x1f build/XC32_PIC32MX795F512L/production/_ext/1713430119/EditBox.o
 .debug_abbrev  0x00000c13       0x1f build/XC32_PIC32MX795F512L/production/_ext/1713430119/Window.o
 .debug_abbrev  0x00000c32       0x1f build/XC32_PIC32MX795F512L/production/_ext/1713430119/Slider.o
 .debug_abbrev  0x00000c51       0x1f build/XC32_PIC32MX795F512L/production/_ext/1713430119/StaticText.o
 .debug_abbrev  0x00000c70       0x1f build/XC32_PIC32MX795F512L/production/_ext/1713430119/RoundDial.o
 .debug_abbrev  0x00000c8f      0x10b build/XC32_PIC32MX795F512L/production/_ext/1713430119/Picture.o
 .debug_abbrev  0x00000d9a       0x1f build/XC32_PIC32MX795F512L/production/_ext/1713430119/ProgressBar.o
 .debug_abbrev  0x00000db9       0x1f build/XC32_PIC32MX795F512L/production/_ext/1713430119/TextEntry.o
 .debug_abbrev  0x00000dd8      0x166 build/XC32_PIC32MX795F512L/production/configuration_bits.o
 .debug_abbrev  0x00000f3e      0x1a2 build/XC32_PIC32MX795F512L/production/exceptions.o
 .debug_abbrev  0x000010e0      0x166 build/XC32_PIC32MX795F512L/production/interrupts.o
 .debug_abbrev  0x00001246      0x28f build/XC32_PIC32MX795F512L/production/main.o
 .debug_abbrev  0x000014d5      0x166 build/XC32_PIC32MX795F512L/production/system.o
 .debug_abbrev  0x0000163b      0x17b build/XC32_PIC32MX795F512L/production/user.o
 .debug_abbrev  0x000017b6      0x19b build/XC32_PIC32MX795F512L/production/Primitives LLD/TimeDelay.o
 .debug_abbrev  0x00001951      0x254 build/XC32_PIC32MX795F512L/production/Primitives LLD/SSD1963.o
 .debug_abbrev  0x00001ba5      0x160 build/XC32_PIC32MX795F512L/production/image_dropp/GDD_Screens.o
 .debug_abbrev  0x00001d05       0xfc build/XC32_PIC32MX795F512L/production/image_dropp/GDD_Resource.o
 .debug_abbrev  0x00001e01       0xd8 build/XC32_PIC32MX795F512L/production/image_dropp/GDD_X_Event_Handler.o
 .debug_abbrev  0x00001ed9       0x8c build/XC32_PIC32MX795F512L/production/image_dropp/resource/newABIDlock.o
 .debug_abbrev  0x00001f65       0x25 c:/program files (x86)/microchip/xc32/v1.31/bin/../lib/gcc/pic32mx/4.5.2/../../../../pic32mx/lib\libmchp_peripheral_32MX795F512L.a(pcache.o)
 .debug_abbrev  0x00001f8a       0x25 c:/program files (x86)/microchip/xc32/v1.31/bin/../lib/gcc/pic32mx/4.5.2/../../../../pic32mx/lib\libmchp_peripheral_32MX795F512L.a(int_configure_system_lib.o)
 .debug_abbrev  0x00001faf       0x25 c:/program files (x86)/microchip/xc32/v1.31/bin/../lib/gcc/pic32mx/4.5.2/../../../../pic32mx/lib\libmchp_peripheral_32MX795F512L.a(int_disable_interrupts_lib.o)
 .debug_abbrev  0x00001fd4       0x25 c:/program files (x86)/microchip/xc32/v1.31/bin/../lib/gcc/pic32mx/4.5.2/../../../../pic32mx/lib\libmchp_peripheral_32MX795F512L.a(int_restore_interrupts_lib.o)
 .debug_abbrev  0x00001ff9       0x23 c:/program files (x86)/microchip/xc32/v1.31/bin/../lib/gcc/pic32mx/4.5.2/../../../../pic32mx/lib\libpic32.a(default-bootstrap-exception-handler.o)
 .debug_abbrev  0x0000201c       0x23 c:/program files (x86)/microchip/xc32/v1.31/bin/../lib/gcc/pic32mx/4.5.2/../../../../pic32mx/lib\libpic32.a(default-on-reset.o)
 .debug_abbrev  0x0000203f       0x23 c:/program files (x86)/microchip/xc32/v1.31/bin/../lib/gcc/pic32mx/4.5.2/../../../../pic32mx/lib\libpic32.a(default-on-bootstrap.o)
 .debug_abbrev  0x00002062       0x23 c:/program files (x86)/microchip/xc32/v1.31/bin/../lib/gcc/pic32mx/4.5.2/../../../../pic32mx/lib\libpic32.a(defaultinterrupt.o)
 .debug_abbrev  0x00002085       0x3f c:/program files (x86)/microchip/xc32/v1.31/bin/../lib/gcc/pic32mx/4.5.2/../../../../pic32mx/lib\libc.a(malloc.o)
 .debug_abbrev  0x000020c4       0x36 c:/program files (x86)/microchip/xc32/v1.31/bin/../lib/gcc/pic32mx/4.5.2/../../../../pic32mx/lib\libpic32.a(sbrk.o)
 .debug_abbrev  0x000020fa        0x1 c:/program files (x86)/microchip/xc32/v1.31/bin/../lib/gcc/pic32mx/4.5.2/../../../../pic32mx/lib\libpic32.a(errno.o)

.debug_line     0x00000000     0x2f63
 *(.debug_line)
 .debug_line    0x00000000       0x1d build/XC32_PIC32MX795F512L/production/_ext/215660468/TouchScreen.o
 .debug_line    0x0000001d       0x1d build/XC32_PIC32MX795F512L/production/_ext/215660468/TouchScreenAR1020.o
 .debug_line    0x0000003a       0x1d build/XC32_PIC32MX795F512L/production/_ext/215660468/TouchScreenResistive.o
 .debug_line    0x00000057       0x1d build/XC32_PIC32MX795F512L/production/_ext/215660468/Beep.o
 .debug_line    0x00000074       0x1d build/XC32_PIC32MX795F512L/production/_ext/215660468/SST25VF016.o
 .debug_line    0x00000091       0x1d build/XC32_PIC32MX795F512L/production/_ext/215660468/cpld.o
 .debug_line    0x000000ae      0x164 build/XC32_PIC32MX795F512L/production/_ext/215660468/drv_spi.o
 .debug_line    0x00000212       0x1d build/XC32_PIC32MX795F512L/production/_ext/215660468/SST39LF400.o
 .debug_line    0x0000022f       0x1d build/XC32_PIC32MX795F512L/production/_ext/215660468/SST39VF040.o
 .debug_line    0x0000024c       0x1d build/XC32_PIC32MX795F512L/production/_ext/215660468/MCHP25LC256.o
 .debug_line    0x00000269       0x1d build/XC32_PIC32MX795F512L/production/_ext/1575306571/gfxepmp.o
 .debug_line    0x00000286       0x1d build/XC32_PIC32MX795F512L/production/_ext/1575306571/mchpGfxDrv.o
 .debug_line    0x000002a3       0x1d build/XC32_PIC32MX795F512L/production/_ext/1575306571/mchpGfxLCC.o
 .debug_line    0x000002c0       0x7c build/XC32_PIC32MX795F512L/production/_ext/1575306571/TCON_Custom.o
 .debug_line    0x0000033c       0x1d build/XC32_PIC32MX795F512L/production/_ext/1575306571/TCON_HX8238.o
 .debug_line    0x00000359       0x1d build/XC32_PIC32MX795F512L/production/_ext/1575306571/TCON_HX8257.o
 .debug_line    0x00000376       0x1d build/XC32_PIC32MX795F512L/production/_ext/1575306571/TCON_SSD1289.o
 .debug_line    0x00000393       0x1d build/XC32_PIC32MX795F512L/production/_ext/1575306571/drvTFT001.o
 .debug_line    0x000003b0       0x1d build/XC32_PIC32MX795F512L/production/_ext/1575306571/drvTFT002.o
 .debug_line    0x000003cd       0x1d build/XC32_PIC32MX795F512L/production/_ext/1575306571/HIT1270.o
 .debug_line    0x000003ea       0x1d build/XC32_PIC32MX795F512L/production/_ext/1575306571/HX8347.o
 .debug_line    0x00000407       0x1d build/XC32_PIC32MX795F512L/production/_ext/1575306571/S1D13517.o
 .debug_line    0x00000424       0x1d build/XC32_PIC32MX795F512L/production/_ext/1575306571/SH1101A_SSD1303.o
 .debug_line    0x00000441       0x1d build/XC32_PIC32MX795F512L/production/_ext/1575306571/SSD1339.o
 .debug_line    0x0000045e       0x1d build/XC32_PIC32MX795F512L/production/_ext/1575306571/SSD1926.o
 .debug_line    0x0000047b       0x1d build/XC32_PIC32MX795F512L/production/_ext/1575306571/ST7529.o
 .debug_line    0x00000498       0x1d build/XC32_PIC32MX795F512L/production/_ext/1575306571/UC1610.o
 .debug_line    0x000004b5      0x39f build/XC32_PIC32MX795F512L/production/_ext/1713430119/GOL.o
 .debug_line    0x00000854       0xb4 build/XC32_PIC32MX795F512L/production/_ext/1713430119/GOLFontDefault.o
 .debug_line    0x00000908      0x118 build/XC32_PIC32MX795F512L/production/_ext/1713430119/GOLSchemeDefault.o
 .debug_line    0x00000a20       0x1d build/XC32_PIC32MX795F512L/production/_ext/1713430119/Palette.o
 .debug_line    0x00000a3d      0x801 build/XC32_PIC32MX795F512L/production/_ext/1713430119/Primitive.o
 .debug_line    0x0000123e       0x1d build/XC32_PIC32MX795F512L/production/_ext/1713430119/Button.o
 .debug_line    0x0000125b       0x1d build/XC32_PIC32MX795F512L/production/_ext/1713430119/CheckBox.o
 .debug_line    0x00001278       0x1d build/XC32_PIC32MX795F512L/production/_ext/1713430119/Meter.o
 .debug_line    0x00001295       0x1d build/XC32_PIC32MX795F512L/production/_ext/1713430119/DigitalMeter.o
 .debug_line    0x000012b2       0x1d build/XC32_PIC32MX795F512L/production/_ext/1713430119/Chart.o
 .debug_line    0x000012cf       0x1d build/XC32_PIC32MX795F512L/production/_ext/1713430119/RadioButton.o
 .debug_line    0x000012ec       0x1d build/XC32_PIC32MX795F512L/production/_ext/1713430119/ListBox.o
 .debug_line    0x00001309       0x1d build/XC32_PIC32MX795F512L/production/_ext/1713430119/GroupBox.o
 .debug_line    0x00001326       0x1d build/XC32_PIC32MX795F512L/production/_ext/1713430119/EditBox.o
 .debug_line    0x00001343       0x1d build/XC32_PIC32MX795F512L/production/_ext/1713430119/Window.o
 .debug_line    0x00001360       0x1d build/XC32_PIC32MX795F512L/production/_ext/1713430119/Slider.o
 .debug_line    0x0000137d       0x1d build/XC32_PIC32MX795F512L/production/_ext/1713430119/StaticText.o
 .debug_line    0x0000139a       0x1d build/XC32_PIC32MX795F512L/production/_ext/1713430119/RoundDial.o
 .debug_line    0x000013b7      0x1bd build/XC32_PIC32MX795F512L/production/_ext/1713430119/Picture.o
 .debug_line    0x00001574       0x1d build/XC32_PIC32MX795F512L/production/_ext/1713430119/ProgressBar.o
 .debug_line    0x00001591       0x1d build/XC32_PIC32MX795F512L/production/_ext/1713430119/TextEntry.o
 .debug_line    0x000015ae      0x10c build/XC32_PIC32MX795F512L/production/configuration_bits.o
 .debug_line    0x000016ba      0x169 build/XC32_PIC32MX795F512L/production/exceptions.o
 .debug_line    0x00001823      0x10c build/XC32_PIC32MX795F512L/production/interrupts.o
 .debug_line    0x0000192f      0x391 build/XC32_PIC32MX795F512L/production/main.o
 .debug_line    0x00001cc0      0x10c build/XC32_PIC32MX795F512L/production/system.o
 .debug_line    0x00001dcc      0x15b build/XC32_PIC32MX795F512L/production/user.o
 .debug_line    0x00001f27      0x190 build/XC32_PIC32MX795F512L/production/Primitives LLD/TimeDelay.o
 .debug_line    0x000020b7      0x4eb build/XC32_PIC32MX795F512L/production/Primitives LLD/SSD1963.o
 .debug_line    0x000025a2      0x1a7 build/XC32_PIC32MX795F512L/production/image_dropp/GDD_Screens.o
 .debug_line    0x00002749      0x107 build/XC32_PIC32MX795F512L/production/image_dropp/GDD_Resource.o
 .debug_line    0x00002850      0x12a build/XC32_PIC32MX795F512L/production/image_dropp/GDD_X_Event_Handler.o
 .debug_line    0x0000297a      0x10f build/XC32_PIC32MX795F512L/production/image_dropp/resource/newABIDlock.o
 .debug_line    0x00002a89       0x62 c:/program files (x86)/microchip/xc32/v1.31/bin/../lib/gcc/pic32mx/4.5.2/../../../../pic32mx/lib\libmchp_peripheral_32MX795F512L.a(pcache.o)
 .debug_line    0x00002aeb       0x71 c:/program files (x86)/microchip/xc32/v1.31/bin/../lib/gcc/pic32mx/4.5.2/../../../../pic32mx/lib\libmchp_peripheral_32MX795F512L.a(int_configure_system_lib.o)
 .debug_line    0x00002b5c       0x73 c:/program files (x86)/microchip/xc32/v1.31/bin/../lib/gcc/pic32mx/4.5.2/../../../../pic32mx/lib\libmchp_peripheral_32MX795F512L.a(int_disable_interrupts_lib.o)